2026-05-20 14:41:43,068 - Application - INFO - Exported table to C:/Users/hanna/Nextcloud/Uni/6. Semester/Bt-BP 16_Bachelorarbeit/Bt-BP 16_Daten/260518_Reaktorkultivierung_1\result_table_260519_A.1_0001.csv.
2026-05-20 14:41:43,069 - Application - INFO - Exported table to C:/Users/hanna/Nextcloud/Uni/6. Semester/Bt-BP 16_Bachelorarbeit/Bt-BP 16_Daten/260518_Reaktorkultivierung_1\result_table_260519_A.1_0002.csv.
2026-05-20 14:41:43,070 - Application - INFO - Exported table to C:/Users/hanna/Nextcloud/Uni/6. Semester/Bt-BP 16_Bachelorarbeit/Bt-BP 16_Daten/260518_Reaktorkultivierung_1\result_table_260519_A.1_0003.csv.
2026-05-20 14:41:43,072 - Application - INFO - Exported table to C:/Users/hanna/Nextcloud/Uni/6. Semester/Bt-BP 16_Bachelorarbeit/Bt-BP 16_Daten/260518_Reaktorkultivierung_1\result_table_260519_A.1_0004.csv.
2026-05-20 14:41:43,073 - Application - INFO - Exported table to C:/Users/hanna/Nextcloud/Uni/6. Semester/Bt-BP 16_Bachelorarbeit/Bt-BP 16_Daten/260518_Reaktorkultivierung_1\result_table_260519_A.1_0005.csv.
2026-05-20 14:41:43,074 - Application - INFO - Exported table to C:/Users/hanna/Nextcloud/Uni/6. Semester/Bt-BP 16_Bachelorarbeit/Bt-BP 16_Daten/260518_Reaktorkultivierung_1\result_table_260519_A.1_0006.csv.
2026-05-20 14:41:43,075 - Application - INFO - Exported table to C:/Users/hanna/Nextcloud/Uni/6. Semester/Bt-BP 16_Bachelorarbeit/Bt-BP 16_Daten/260518_Reaktorkultivierung_1\result_table_260519_A.1_0007.csv.
2026-05-20 14:41:43,077 - Application - INFO - Exported table to C:/Users/hanna/Nextcloud/Uni/6. Semester/Bt-BP 16_Bachelorarbeit/Bt-BP 16_Daten/260518_Reaktorkultivierung_1\result_table_260519_A.1_0008.csv.
2026-05-20 14:41:43,078 - Application - INFO - Exported table to C:/Users/hanna/Nextcloud/Uni/6. Semester/Bt-BP 16_Bachelorarbeit/Bt-BP 16_Daten/260518_Reaktorkultivierung_1\result_table_260519_A.1_0009.csv.
2026-05-20 14:41:43,079 - Application - INFO - Exported table to C:/Users/hanna/Nextcloud/Uni/6. Semester/Bt-BP 16_Bachelorarbeit/Bt-BP 16_Daten/260518_Reaktorkultivierung_1\result_table_260519_A.1_0010.csv.
2026-05-20 14:41:43,080 - Application - INFO - Exported table to C:/Users/hanna/Nextcloud/Uni/6. Semester/Bt-BP 16_Bachelorarbeit/Bt-BP 16_Daten/260518_Reaktorkultivierung_1\result_table_260519_A.1_0011.csv.
2026-05-20 14:41:43,082 - Application - INFO - Exported table to C:/Users/hanna/Nextcloud/Uni/6. Semester/Bt-BP 16_Bachelorarbeit/Bt-BP 16_Daten/260518_Reaktorkultivierung_1\result_table_260519_A.1_0012.csv.
2026-05-20 14:41:43,083 - Application - INFO - Exported table to C:/Users/hanna/Nextcloud/Uni/6. Semester/Bt-BP 16_Bachelorarbeit/Bt-BP 16_Daten/260518_Reaktorkultivierung_1\result_table_260519_A.1_0013.csv.
2026-05-20 14:41:43,084 - Application - INFO - Exported table to C:/Users/hanna/Nextcloud/Uni/6. Semester/Bt-BP 16_Bachelorarbeit/Bt-BP 16_Daten/260518_Reaktorkultivierung_1\result_table_260519_A.1_0014.csv.
2026-05-20 14:41:43,085 - Application - INFO - Exported table to C:/Users/hanna/Nextcloud/Uni/6. Semester/Bt-BP 16_Bachelorarbeit/Bt-BP 16_Daten/260518_Reaktorkultivierung_1\result_table_260519_A.1_0015.csv.
2026-05-20 14:41:43,086 - Application - INFO - Exported table to C:/Users/hanna/Nextcloud/Uni/6. Semester/Bt-BP 16_Bachelorarbeit/Bt-BP 16_Daten/260518_Reaktorkultivierung_1\result_table_260519_A.1_0016.csv.
2026-05-20 14:41:43,088 - Application - INFO - Exported table to C:/Users/hanna/Nextcloud/Uni/6. Semester/Bt-BP 16_Bachelorarbeit/Bt-BP 16_Daten/260518_Reaktorkultivierung_1\result_table_260519_A.1_0017.csv.
2026-05-20 14:41:43,089 - Application - INFO - Exported table to C:/Users/hanna/Nextcloud/Uni/6. Semester/Bt-BP 16_Bachelorarbeit/Bt-BP 16_Daten/260518_Reaktorkultivierung_1\result_table_260519_A.1_0018.csv.
2026-05-20 14:41:43,090 - Application - INFO - Exported table to C:/Users/hanna/Nextcloud/Uni/6. Semester/Bt-BP 16_Bachelorarbeit/Bt-BP 16_Daten/260518_Reaktorkultivierung_1\result_table_260519_A.1_0019.csv.
2026-05-20 14:41:43,091 - Application - INFO - Exported table to C:/Users/hanna/Nextcloud/Uni/6. Semester/Bt-BP 16_Bachelorarbeit/Bt-BP 16_Daten/260518_Reaktorkultivierung_1\result_table_260519_A.1_0020.csv.
2026-05-20 14:41:43,092 - Application - INFO - Exported table to C:/Users/hanna/Nextcloud/Uni/6. Semester/Bt-BP 16_Bachelorarbeit/Bt-BP 16_Daten/260518_Reaktorkultivierung_1\result_table_260519_R1.1_0001.csv.
2026-05-20 14:41:43,093 - Application - INFO - Exported table to C:/Users/hanna/Nextcloud/Uni/6. Semester/Bt-BP 16_Bachelorarbeit/Bt-BP 16_Daten/260518_Reaktorkultivierung_1\result_table_260519_R1.1_0002.csv.
2026-05-20 14:41:43,094 - Application - INFO - Exported table to C:/Users/hanna/Nextcloud/Uni/6. Semester/Bt-BP 16_Bachelorarbeit/Bt-BP 16_Daten/260518_Reaktorkultivierung_1\result_table_260519_R1.1_0003.csv.
2026-05-20 14:41:43,095 - Application - INFO - Exported table to C:/Users/hanna/Nextcloud/Uni/6. Semester/Bt-BP 16_Bachelorarbeit/Bt-BP 16_Daten/260518_Reaktorkultivierung_1\result_table_260519_R1.1_0004.csv.
2026-05-20 14:41:43,096 - Application - INFO - Exported table to C:/Users/hanna/Nextcloud/Uni/6. Semester/Bt-BP 16_Bachelorarbeit/Bt-BP 16_Daten/260518_Reaktorkultivierung_1\result_table_260519_R1.1_0005.csv.
2026-05-20 14:41:43,097 - Application - INFO - Exported table to C:/Users/hanna/Nextcloud/Uni/6. Semester/Bt-BP 16_Bachelorarbeit/Bt-BP 16_Daten/260518_Reaktorkultivierung_1\result_table_260519_R1.1_0006.csv.
2026-05-20 14:41:43,098 - Application - INFO - Exported table to C:/Users/hanna/Nextcloud/Uni/6. Semester/Bt-BP 16_Bachelorarbeit/Bt-BP 16_Daten/260518_Reaktorkultivierung_1\result_table_260519_R1.1_0007.csv.
2026-05-20 14:41:43,099 - Application - INFO - Exported table to C:/Users/hanna/Nextcloud/Uni/6. Semester/Bt-BP 16_Bachelorarbeit/Bt-BP 16_Daten/260518_Reaktorkultivierung_1\result_table_260519_R1.1_0008.csv.
2026-05-20 14:41:43,100 - Application - INFO - Exported table to C:/Users/hanna/Nextcloud/Uni/6. Semester/Bt-BP 16_Bachelorarbeit/Bt-BP 16_Daten/260518_Reaktorkultivierung_1\result_table_260519_R1.1_0009.csv.
2026-05-20 14:41:43,102 - Application - INFO - Exported table to C:/Users/hanna/Nextcloud/Uni/6. Semester/Bt-BP 16_Bachelorarbeit/Bt-BP 16_Daten/260518_Reaktorkultivierung_1\result_table_260519_R1.1_0010.csv.
2026-05-20 14:41:43,104 - Application - INFO - Exported table to C:/Users/hanna/Nextcloud/Uni/6. Semester/Bt-BP 16_Bachelorarbeit/Bt-BP 16_Daten/260518_Reaktorkultivierung_1\result_table_260519_R1.1_0011.csv.
2026-05-20 14:41:43,105 - Application - INFO - Exported table to C:/Users/hanna/Nextcloud/Uni/6. Semester/Bt-BP 16_Bachelorarbeit/Bt-BP 16_Daten/260518_Reaktorkultivierung_1\result_table_260519_R1.1_0012.csv.
2026-05-20 14:41:43,107 - Application - INFO - Exported table to C:/Users/hanna/Nextcloud/Uni/6. Semester/Bt-BP 16_Bachelorarbeit/Bt-BP 16_Daten/260518_Reaktorkultivierung_1\result_table_260519_R1.1_0013.csv.
2026-05-20 14:41:43,108 - Application - INFO - Exported table to C:/Users/hanna/Nextcloud/Uni/6. Semester/Bt-BP 16_Bachelorarbeit/Bt-BP 16_Daten/260518_Reaktorkultivierung_1\result_table_260519_R1.1_0014.csv.
2026-05-20 14:41:43,109 - Application - INFO - Exported table to C:/Users/hanna/Nextcloud/Uni/6. Semester/Bt-BP 16_Bachelorarbeit/Bt-BP 16_Daten/260518_Reaktorkultivierung_1\result_table_260519_R1.1_0015.csv.
2026-05-20 14:41:48,480 - Application - INFO - Succesfully closed SingleImage Analysis Form.
2026-05-20 14:47:25,466 - Application - INFO - Exported table to C:/Users/hanna/Nextcloud/Uni/6. Semester/Bt-BP 16_Bachelorarbeit/Bt-BP 16_Daten/260518_Reaktorkultivierung_1/Mikroskopie/Auswertung\result_table_260519_R1.2_0001.csv.
2026-05-20 14:47:25,468 - Application - INFO - Exported table to C:/Users/hanna/Nextcloud/Uni/6. Semester/Bt-BP 16_Bachelorarbeit/Bt-BP 16_Daten/260518_Reaktorkultivierung_1/Mikroskopie/Auswertung\result_table_260519_R1.2_0002.csv.
2026-05-20 14:47:25,469 - Application - INFO - Exported table to C:/Users/hanna/Nextcloud/Uni/6. Semester/Bt-BP 16_Bachelorarbeit/Bt-BP 16_Daten/260518_Reaktorkultivierung_1/Mikroskopie/Auswertung\result_table_260519_R1.2_0003.csv.
2026-05-20 14:47:25,471 - Application - INFO - Exported table to C:/Users/hanna/Nextcloud/Uni/6. Semester/Bt-BP 16_Bachelorarbeit/Bt-BP 16_Daten/260518_Reaktorkultivierung_1/Mikroskopie/Auswertung\result_table_260519_R1.2_0004.csv.
2026-05-20 14:47:25,472 - Application - INFO - Exported table to C:/Users/hanna/Nextcloud/Uni/6. Semester/Bt-BP 16_Bachelorarbeit/Bt-BP 16_Daten/260518_Reaktorkultivierung_1/Mikroskopie/Auswertung\result_table_260519_R1.2_0005.csv.
2026-05-20 14:47:25,474 - Application - INFO - Exported table to C:/Users/hanna/Nextcloud/Uni/6. Semester/Bt-BP 16_Bachelorarbeit/Bt-BP 16_Daten/260518_Reaktorkultivierung_1/Mikroskopie/Auswertung\result_table_260519_R1.2_0006.csv.
2026-05-20 14:47:25,476 - Application - INFO - Exported table to C:/Users/hanna/Nextcloud/Uni/6. Semester/Bt-BP 16_Bachelorarbeit/Bt-BP 16_Daten/260518_Reaktorkultivierung_1/Mikroskopie/Auswertung\result_table_260519_R1.2_0007.csv.
2026-05-20 14:47:25,477 - Application - INFO - Exported table to C:/Users/hanna/Nextcloud/Uni/6. Semester/Bt-BP 16_Bachelorarbeit/Bt-BP 16_Daten/260518_Reaktorkultivierung_1/Mikroskopie/Auswertung\result_table_260519_R1.2_0008.csv.
2026-05-20 14:47:25,479 - Application - INFO - Exported table to C:/Users/hanna/Nextcloud/Uni/6. Semester/Bt-BP 16_Bachelorarbeit/Bt-BP 16_Daten/260518_Reaktorkultivierung_1/Mikroskopie/Auswertung\result_table_260519_R1.2_0009.csv.
2026-05-20 14:47:25,480 - Application - INFO - Exported table to C:/Users/hanna/Nextcloud/Uni/6. Semester/Bt-BP 16_Bachelorarbeit/Bt-BP 16_Daten/260518_Reaktorkultivierung_1/Mikroskopie/Auswertung\result_table_260519_R1.2_0010.csv.
2026-05-20 14:47:25,481 - Application - INFO - Exported table to C:/Users/hanna/Nextcloud/Uni/6. Semester/Bt-BP 16_Bachelorarbeit/Bt-BP 16_Daten/260518_Reaktorkultivierung_1/Mikroskopie/Auswertung\result_table_260519_R1.2_0011.csv.
2026-05-20 14:47:25,482 - Application - INFO - Exported table to C:/Users/hanna/Nextcloud/Uni/6. Semester/Bt-BP 16_Bachelorarbeit/Bt-BP 16_Daten/260518_Reaktorkultivierung_1/Mikroskopie/Auswertung\result_table_260519_R1.2_0012.csv.
2026-05-20 14:47:25,490 - Application - INFO - Exported table to C:/Users/hanna/Nextcloud/Uni/6. Semester/Bt-BP 16_Bachelorarbeit/Bt-BP 16_Daten/260518_Reaktorkultivierung_1/Mikroskopie/Auswertung\result_table_260519_R1.2_0013.csv.
2026-05-20 14:47:25,492 - Application - INFO - Exported table to C:/Users/hanna/Nextcloud/Uni/6. Semester/Bt-BP 16_Bachelorarbeit/Bt-BP 16_Daten/260518_Reaktorkultivierung_1/Mikroskopie/Auswertung\result_table_260519_R1.2_0014.csv.
2026-05-20 14:47:25,494 - Application - INFO - Exported table to C:/Users/hanna/Nextcloud/Uni/6. Semester/Bt-BP 16_Bachelorarbeit/Bt-BP 16_Daten/260518_Reaktorkultivierung_1/Mikroskopie/Auswertung\result_table_260519_R1.2_0015.csv.
2026-05-20 14:47:25,496 - Application - INFO - Exported table to C:/Users/hanna/Nextcloud/Uni/6. Semester/Bt-BP 16_Bachelorarbeit/Bt-BP 16_Daten/260518_Reaktorkultivierung_1/Mikroskopie/Auswertung\result_table_260519_R1.2_0016.csv.
2026-05-20 14:47:30,232 - Application - INFO - Succesfully closed SingleImage Analysis Form.
2026-05-20 14:49:39,485 - Application - INFO - Exported table to C:/Users/hanna/Nextcloud/Uni/6. Semester/Bt-BP 16_Bachelorarbeit/Bt-BP 16_Daten/260518_Reaktorkultivierung_1/Mikroskopie/Auswertung\result_table_260520_A.2_0001.csv.
2026-05-20 14:49:39,486 - Application - INFO - Exported table to C:/Users/hanna/Nextcloud/Uni/6. Semester/Bt-BP 16_Bachelorarbeit/Bt-BP 16_Daten/260518_Reaktorkultivierung_1/Mikroskopie/Auswertung\result_table_260520_A.2_0002.csv.
2026-05-20 14:49:39,487 - Application - INFO - Exported table to C:/Users/hanna/Nextcloud/Uni/6. Semester/Bt-BP 16_Bachelorarbeit/Bt-BP 16_Daten/260518_Reaktorkultivierung_1/Mikroskopie/Auswertung\result_table_260520_A.2_0003.csv.
2026-05-20 14:49:39,489 - Application - INFO - Exported table to C:/Users/hanna/Nextcloud/Uni/6. Semester/Bt-BP 16_Bachelorarbeit/Bt-BP 16_Daten/260518_Reaktorkultivierung_1/Mikroskopie/Auswertung\result_table_260520_A.2_0005.csv.
2026-05-20 14:49:39,490 - Application - INFO - Exported table to C:/Users/hanna/Nextcloud/Uni/6. Semester/Bt-BP 16_Bachelorarbeit/Bt-BP 16_Daten/260518_Reaktorkultivierung_1/Mikroskopie/Auswertung\result_table_260520_A.2_0006.csv.
2026-05-20 14:49:39,492 - Application - INFO - Exported table to C:/Users/hanna/Nextcloud/Uni/6. Semester/Bt-BP 16_Bachelorarbeit/Bt-BP 16_Daten/260518_Reaktorkultivierung_1/Mikroskopie/Auswertung\result_table_260520_A.2_0007.csv.
2026-05-20 14:49:39,493 - Application - INFO - Exported table to C:/Users/hanna/Nextcloud/Uni/6. Semester/Bt-BP 16_Bachelorarbeit/Bt-BP 16_Daten/260518_Reaktorkultivierung_1/Mikroskopie/Auswertung\result_table_260520_A.2_0008.csv.
2026-05-20 14:49:39,494 - Application - INFO - Exported table to C:/Users/hanna/Nextcloud/Uni/6. Semester/Bt-BP 16_Bachelorarbeit/Bt-BP 16_Daten/260518_Reaktorkultivierung_1/Mikroskopie/Auswertung\result_table_260520_A.2_0009.csv.
2026-05-20 14:49:39,498 - Application - INFO - Exported table to C:/Users/hanna/Nextcloud/Uni/6. Semester/Bt-BP 16_Bachelorarbeit/Bt-BP 16_Daten/260518_Reaktorkultivierung_1/Mikroskopie/Auswertung\result_table_260520_A.2_0010.csv.
2026-05-20 14:49:39,499 - Application - INFO - Exported table to C:/Users/hanna/Nextcloud/Uni/6. Semester/Bt-BP 16_Bachelorarbeit/Bt-BP 16_Daten/260518_Reaktorkultivierung_1/Mikroskopie/Auswertung\result_table_260520_A.2_0011.csv.
2026-05-20 14:49:39,501 - Application - INFO - Exported table to C:/Users/hanna/Nextcloud/Uni/6. Semester/Bt-BP 16_Bachelorarbeit/Bt-BP 16_Daten/260518_Reaktorkultivierung_1/Mikroskopie/Auswertung\result_table_260520_A.2_0012.csv.
2026-05-20 14:49:39,503 - Application - INFO - Exported table to C:/Users/hanna/Nextcloud/Uni/6. Semester/Bt-BP 16_Bachelorarbeit/Bt-BP 16_Daten/260518_Reaktorkultivierung_1/Mikroskopie/Auswertung\result_table_260520_A.2_0013.csv.
2026-05-20 14:49:39,504 - Application - INFO - Exported table to C:/Users/hanna/Nextcloud/Uni/6. Semester/Bt-BP 16_Bachelorarbeit/Bt-BP 16_Daten/260518_Reaktorkultivierung_1/Mikroskopie/Auswertung\result_table_260520_A.2_0014.csv.
2026-05-20 14:49:39,505 - Application - INFO - Exported table to C:/Users/hanna/Nextcloud/Uni/6. Semester/Bt-BP 16_Bachelorarbeit/Bt-BP 16_Daten/260518_Reaktorkultivierung_1/Mikroskopie/Auswertung\result_table_260520_A.2_0015.csv.
2026-05-20 14:49:39,506 - Application - INFO - Exported table to C:/Users/hanna/Nextcloud/Uni/6. Semester/Bt-BP 16_Bachelorarbeit/Bt-BP 16_Daten/260518_Reaktorkultivierung_1/Mikroskopie/Auswertung\result_table_260520_A.2_0016.csv.
2026-05-20 14:49:39,507 - Application - INFO - Exported table to C:/Users/hanna/Nextcloud/Uni/6. Semester/Bt-BP 16_Bachelorarbeit/Bt-BP 16_Daten/260518_Reaktorkultivierung_1/Mikroskopie/Auswertung\result_table_260520_A.2_0017.csv.
2026-05-20 14:49:39,508 - Application - INFO - Exported table to C:/Users/hanna/Nextcloud/Uni/6. Semester/Bt-BP 16_Bachelorarbeit/Bt-BP 16_Daten/260518_Reaktorkultivierung_1/Mikroskopie/Auswertung\result_table_260520_A.2_0018.csv.
2026-05-20 14:49:39,509 - Application - INFO - Exported table to C:/Users/hanna/Nextcloud/Uni/6. Semester/Bt-BP 16_Bachelorarbeit/Bt-BP 16_Daten/260518_Reaktorkultivierung_1/Mikroskopie/Auswertung\result_table_260520_A.2_0019.csv.
2026-05-20 14:49:39,511 - Application - INFO - Exported table to C:/Users/hanna/Nextcloud/Uni/6. Semester/Bt-BP 16_Bachelorarbeit/Bt-BP 16_Daten/260518_Reaktorkultivierung_1/Mikroskopie/Auswertung\result_table_260520_A.2_0020.csv.
2026-05-20 14:49:39,513 - Application - INFO - Exported table to C:/Users/hanna/Nextcloud/Uni/6. Semester/Bt-BP 16_Bachelorarbeit/Bt-BP 16_Daten/260518_Reaktorkultivierung_1/Mikroskopie/Auswertung\result_table_260520_A.3_0001.csv.
2026-05-20 14:49:39,514 - Application - INFO - Exported table to C:/Users/hanna/Nextcloud/Uni/6. Semester/Bt-BP 16_Bachelorarbeit/Bt-BP 16_Daten/260518_Reaktorkultivierung_1/Mikroskopie/Auswertung\result_table_260520_A.3_0002.csv.
2026-05-20 14:49:39,515 - Application - INFO - Exported table to C:/Users/hanna/Nextcloud/Uni/6. Semester/Bt-BP 16_Bachelorarbeit/Bt-BP 16_Daten/260518_Reaktorkultivierung_1/Mikroskopie/Auswertung\result_table_260520_A.3_0003.csv.
2026-05-20 14:49:39,516 - Application - INFO - Exported table to C:/Users/hanna/Nextcloud/Uni/6. Semester/Bt-BP 16_Bachelorarbeit/Bt-BP 16_Daten/260518_Reaktorkultivierung_1/Mikroskopie/Auswertung\result_table_260520_A.3_0004.csv.
2026-05-20 14:49:39,519 - Application - INFO - Exported table to C:/Users/hanna/Nextcloud/Uni/6. Semester/Bt-BP 16_Bachelorarbeit/Bt-BP 16_Daten/260518_Reaktorkultivierung_1/Mikroskopie/Auswertung\result_table_260520_A.3_0005.csv.
2026-05-20 14:49:39,520 - Application - INFO - Exported table to C:/Users/hanna/Nextcloud/Uni/6. Semester/Bt-BP 16_Bachelorarbeit/Bt-BP 16_Daten/260518_Reaktorkultivierung_1/Mikroskopie/Auswertung\result_table_260520_A.3_0006.csv.
2026-05-20 14:49:39,521 - Application - INFO - Exported table to C:/Users/hanna/Nextcloud/Uni/6. Semester/Bt-BP 16_Bachelorarbeit/Bt-BP 16_Daten/260518_Reaktorkultivierung_1/Mikroskopie/Auswertung\result_table_260520_A.3_0007.csv.
2026-05-20 14:49:39,522 - Application - INFO - Exported table to C:/Users/hanna/Nextcloud/Uni/6. Semester/Bt-BP 16_Bachelorarbeit/Bt-BP 16_Daten/260518_Reaktorkultivierung_1/Mikroskopie/Auswertung\result_table_260520_A.3_0008.csv.
2026-05-20 14:49:39,523 - Application - INFO - Exported table to C:/Users/hanna/Nextcloud/Uni/6. Semester/Bt-BP 16_Bachelorarbeit/Bt-BP 16_Daten/260518_Reaktorkultivierung_1/Mikroskopie/Auswertung\result_table_260520_A.3_0009.csv.
2026-05-20 14:49:39,525 - Application - INFO - Exported table to C:/Users/hanna/Nextcloud/Uni/6. Semester/Bt-BP 16_Bachelorarbeit/Bt-BP 16_Daten/260518_Reaktorkultivierung_1/Mikroskopie/Auswertung\result_table_260520_A.3_0010.csv.
2026-05-20 14:49:39,526 - Application - INFO - Exported table to C:/Users/hanna/Nextcloud/Uni/6. Semester/Bt-BP 16_Bachelorarbeit/Bt-BP 16_Daten/260518_Reaktorkultivierung_1/Mikroskopie/Auswertung\result_table_260520_A.3_0011.csv.
2026-05-20 14:49:39,528 - Application - INFO - Exported table to C:/Users/hanna/Nextcloud/Uni/6. Semester/Bt-BP 16_Bachelorarbeit/Bt-BP 16_Daten/260518_Reaktorkultivierung_1/Mikroskopie/Auswertung\result_table_260520_A.3_0012.csv.
2026-05-20 14:49:39,530 - Application - INFO - Exported table to C:/Users/hanna/Nextcloud/Uni/6. Semester/Bt-BP 16_Bachelorarbeit/Bt-BP 16_Daten/260518_Reaktorkultivierung_1/Mikroskopie/Auswertung\result_table_260520_A.3_0013.csv.
2026-05-20 14:49:39,532 - Application - INFO - Exported table to C:/Users/hanna/Nextcloud/Uni/6. Semester/Bt-BP 16_Bachelorarbeit/Bt-BP 16_Daten/260518_Reaktorkultivierung_1/Mikroskopie/Auswertung\result_table_260520_A.3_0014.csv.
2026-05-20 14:49:39,533 - Application - INFO - Exported table to C:/Users/hanna/Nextcloud/Uni/6. Semester/Bt-BP 16_Bachelorarbeit/Bt-BP 16_Daten/260518_Reaktorkultivierung_1/Mikroskopie/Auswertung\result_table_260520_A.3_0015.csv.
2026-05-20 14:49:39,535 - Application - INFO - Exported table to C:/Users/hanna/Nextcloud/Uni/6. Semester/Bt-BP 16_Bachelorarbeit/Bt-BP 16_Daten/260518_Reaktorkultivierung_1/Mikroskopie/Auswertung\result_table_260520_A.3_0016.csv.
2026-05-20 14:49:39,536 - Application - INFO - Exported table to C:/Users/hanna/Nextcloud/Uni/6. Semester/Bt-BP 16_Bachelorarbeit/Bt-BP 16_Daten/260518_Reaktorkultivierung_1/Mikroskopie/Auswertung\result_table_260520_A.3_0017.csv.
2026-05-20 14:49:39,537 - Application - INFO - Exported table to C:/Users/hanna/Nextcloud/Uni/6. Semester/Bt-BP 16_Bachelorarbeit/Bt-BP 16_Daten/260518_Reaktorkultivierung_1/Mikroskopie/Auswertung\result_table_260520_A.3_0018.csv.
2026-05-20 14:49:39,539 - Application - INFO - Exported table to C:/Users/hanna/Nextcloud/Uni/6. Semester/Bt-BP 16_Bachelorarbeit/Bt-BP 16_Daten/260518_Reaktorkultivierung_1/Mikroskopie/Auswertung\result_table_260520_A.3_0019.csv.
2026-05-20 14:49:39,541 - Application - INFO - Exported table to C:/Users/hanna/Nextcloud/Uni/6. Semester/Bt-BP 16_Bachelorarbeit/Bt-BP 16_Daten/260518_Reaktorkultivierung_1/Mikroskopie/Auswertung\result_table_260520_A.3_0020.csv.
2026-05-20 14:49:39,542 - Application - INFO - Exported table to C:/Users/hanna/Nextcloud/Uni/6. Semester/Bt-BP 16_Bachelorarbeit/Bt-BP 16_Daten/260518_Reaktorkultivierung_1/Mikroskopie/Auswertung\result_table_260520_R1.3_0001.csv.
2026-05-20 14:49:39,543 - Application - INFO - Exported table to C:/Users/hanna/Nextcloud/Uni/6. Semester/Bt-BP 16_Bachelorarbeit/Bt-BP 16_Daten/260518_Reaktorkultivierung_1/Mikroskopie/Auswertung\result_table_260520_R1.3_0002.csv.
2026-05-20 14:49:39,545 - Application - INFO - Exported table to C:/Users/hanna/Nextcloud/Uni/6. Semester/Bt-BP 16_Bachelorarbeit/Bt-BP 16_Daten/260518_Reaktorkultivierung_1/Mikroskopie/Auswertung\result_table_260520_R1.3_0003.csv.
2026-05-20 14:49:39,547 - Application - INFO - Exported table to C:/Users/hanna/Nextcloud/Uni/6. Semester/Bt-BP 16_Bachelorarbeit/Bt-BP 16_Daten/260518_Reaktorkultivierung_1/Mikroskopie/Auswertung\result_table_260520_R1.3_0004.csv.
2026-05-20 14:49:39,548 - Application - INFO - Exported table to C:/Users/hanna/Nextcloud/Uni/6. Semester/Bt-BP 16_Bachelorarbeit/Bt-BP 16_Daten/260518_Reaktorkultivierung_1/Mikroskopie/Auswertung\result_table_260520_R1.3_0005.csv.
2026-05-20 14:49:39,550 - Application - INFO - Exported table to C:/Users/hanna/Nextcloud/Uni/6. Semester/Bt-BP 16_Bachelorarbeit/Bt-BP 16_Daten/260518_Reaktorkultivierung_1/Mikroskopie/Auswertung\result_table_260520_R1.3_0006.csv.
2026-05-20 14:49:39,552 - Application - INFO - Exported table to C:/Users/hanna/Nextcloud/Uni/6. Semester/Bt-BP 16_Bachelorarbeit/Bt-BP 16_Daten/260518_Reaktorkultivierung_1/Mikroskopie/Auswertung\result_table_260520_R1.3_0007.csv.
2026-05-20 14:49:39,555 - Application - INFO - Exported table to C:/Users/hanna/Nextcloud/Uni/6. Semester/Bt-BP 16_Bachelorarbeit/Bt-BP 16_Daten/260518_Reaktorkultivierung_1/Mikroskopie/Auswertung\result_table_260520_R1.3_0008.csv.
2026-05-20 14:49:39,557 - Application - INFO - Exported table to C:/Users/hanna/Nextcloud/Uni/6. Semester/Bt-BP 16_Bachelorarbeit/Bt-BP 16_Daten/260518_Reaktorkultivierung_1/Mikroskopie/Auswertung\result_table_260520_R1.3_0009.csv.
2026-05-20 14:49:39,558 - Application - INFO - Exported table to C:/Users/hanna/Nextcloud/Uni/6. Semester/Bt-BP 16_Bachelorarbeit/Bt-BP 16_Daten/260518_Reaktorkultivierung_1/Mikroskopie/Auswertung\result_table_260520_R1.3_0010.csv.
2026-05-20 14:49:39,560 - Application - INFO - Exported table to C:/Users/hanna/Nextcloud/Uni/6. Semester/Bt-BP 16_Bachelorarbeit/Bt-BP 16_Daten/260518_Reaktorkultivierung_1/Mikroskopie/Auswertung\result_table_260520_R1.3_0011.csv.
2026-05-20 14:49:39,561 - Application - INFO - Exported table to C:/Users/hanna/Nextcloud/Uni/6. Semester/Bt-BP 16_Bachelorarbeit/Bt-BP 16_Daten/260518_Reaktorkultivierung_1/Mikroskopie/Auswertung\result_table_260520_R1.3_0012.csv.
2026-05-20 14:49:39,562 - Application - INFO - Exported table to C:/Users/hanna/Nextcloud/Uni/6. Semester/Bt-BP 16_Bachelorarbeit/Bt-BP 16_Daten/260518_Reaktorkultivierung_1/Mikroskopie/Auswertung\result_table_260520_R1.3_0013.csv.
2026-05-20 14:49:39,564 - Application - INFO - Exported table to C:/Users/hanna/Nextcloud/Uni/6. Semester/Bt-BP 16_Bachelorarbeit/Bt-BP 16_Daten/260518_Reaktorkultivierung_1/Mikroskopie/Auswertung\result_table_260520_R1.3_0014.csv.
2026-05-20 14:49:39,565 - Application - INFO - Exported table to C:/Users/hanna/Nextcloud/Uni/6. Semester/Bt-BP 16_Bachelorarbeit/Bt-BP 16_Daten/260518_Reaktorkultivierung_1/Mikroskopie/Auswertung\result_table_260520_R1.3_0015.csv.
2026-05-20 14:49:39,567 - Application - INFO - Exported table to C:/Users/hanna/Nextcloud/Uni/6. Semester/Bt-BP 16_Bachelorarbeit/Bt-BP 16_Daten/260518_Reaktorkultivierung_1/Mikroskopie/Auswertung\result_table_260520_R1.3_0016.csv.
2026-05-20 14:49:39,568 - Application - INFO - Exported table to C:/Users/hanna/Nextcloud/Uni/6. Semester/Bt-BP 16_Bachelorarbeit/Bt-BP 16_Daten/260518_Reaktorkultivierung_1/Mikroskopie/Auswertung\result_table_260520_R1.3_0017.csv.
2026-05-20 14:49:39,569 - Application - INFO - Exported table to C:/Users/hanna/Nextcloud/Uni/6. Semester/Bt-BP 16_Bachelorarbeit/Bt-BP 16_Daten/260518_Reaktorkultivierung_1/Mikroskopie/Auswertung\result_table_260520_R1.3_0018.csv.
2026-05-20 14:49:39,571 - Application - INFO - Exported table to C:/Users/hanna/Nextcloud/Uni/6. Semester/Bt-BP 16_Bachelorarbeit/Bt-BP 16_Daten/260518_Reaktorkultivierung_1/Mikroskopie/Auswertung\result_table_260520_R1.3_0019.csv.
2026-05-20 14:49:39,572 - Application - INFO - Exported table to C:/Users/hanna/Nextcloud/Uni/6. Semester/Bt-BP 16_Bachelorarbeit/Bt-BP 16_Daten/260518_Reaktorkultivierung_1/Mikroskopie/Auswertung\result_table_260520_R1.3_0020.csv.
2026-05-20 14:49:39,573 - Application - INFO - Exported table to C:/Users/hanna/Nextcloud/Uni/6. Semester/Bt-BP 16_Bachelorarbeit/Bt-BP 16_Daten/260518_Reaktorkultivierung_1/Mikroskopie/Auswertung\result_table_260520_R1.3_0021.csv.
2026-05-20 14:49:39,575 - Application - INFO - Exported table to C:/Users/hanna/Nextcloud/Uni/6. Semester/Bt-BP 16_Bachelorarbeit/Bt-BP 16_Daten/260518_Reaktorkultivierung_1/Mikroskopie/Auswertung\result_table_260520_R1.3_0022.csv.
2026-05-20 14:49:43,292 - Application - INFO - Succesfully closed SingleImage Analysis Form.
2026-05-21 13:33:39,506 - Application - INFO - Succesfully closed SingleImage Analysis Form.
2026-05-21 13:35:11,128 - Application - INFO - Succesfully closed SingleImage Analysis Form.
2026-05-21 13:36:47,862 - Application - INFO - Succesfully closed SingleImage Analysis Form.
2026-05-21 13:39:33,265 - Application - INFO - Succesfully closed SingleImage Analysis Form.
2026-05-21 14:25:52,062 - Application - INFO - Exported table to C:/Users/hanna/Nextcloud/Uni/6. Semester/Bt-BP 16_Bachelorarbeit/Bt-BP 16_Daten/260518_Reaktorkultivierung_1/Mikroskopie/Auswertung\result_table_260520_R1.4_0003.csv.
2026-05-21 14:25:52,064 - Application - INFO - Exported table to C:/Users/hanna/Nextcloud/Uni/6. Semester/Bt-BP 16_Bachelorarbeit/Bt-BP 16_Daten/260518_Reaktorkultivierung_1/Mikroskopie/Auswertung\result_table_260520_R1.4_0004.csv.
2026-05-21 14:25:52,065 - Application - INFO - Exported table to C:/Users/hanna/Nextcloud/Uni/6. Semester/Bt-BP 16_Bachelorarbeit/Bt-BP 16_Daten/260518_Reaktorkultivierung_1/Mikroskopie/Auswertung\result_table_260520_R1.4_0005.csv.
2026-05-21 14:25:52,067 - Application - INFO - Exported table to C:/Users/hanna/Nextcloud/Uni/6. Semester/Bt-BP 16_Bachelorarbeit/Bt-BP 16_Daten/260518_Reaktorkultivierung_1/Mikroskopie/Auswertung\result_table_260520_R1.4_0006.csv.
2026-05-21 14:25:52,068 - Application - INFO - Exported table to C:/Users/hanna/Nextcloud/Uni/6. Semester/Bt-BP 16_Bachelorarbeit/Bt-BP 16_Daten/260518_Reaktorkultivierung_1/Mikroskopie/Auswertung\result_table_260520_R1.4_0007.csv.
2026-05-21 14:25:52,070 - Application - INFO - Exported table to C:/Users/hanna/Nextcloud/Uni/6. Semester/Bt-BP 16_Bachelorarbeit/Bt-BP 16_Daten/260518_Reaktorkultivierung_1/Mikroskopie/Auswertung\result_table_260520_R1.4_0008.csv.
2026-05-21 14:25:52,071 - Application - INFO - Exported table to C:/Users/hanna/Nextcloud/Uni/6. Semester/Bt-BP 16_Bachelorarbeit/Bt-BP 16_Daten/260518_Reaktorkultivierung_1/Mikroskopie/Auswertung\result_table_260520_R1.4_0009.csv.
2026-05-21 14:25:52,074 - Application - INFO - Exported table to C:/Users/hanna/Nextcloud/Uni/6. Semester/Bt-BP 16_Bachelorarbeit/Bt-BP 16_Daten/260518_Reaktorkultivierung_1/Mikroskopie/Auswertung\result_table_260520_R1.4_0010.csv.
2026-05-21 14:25:52,076 - Application - INFO - Exported table to C:/Users/hanna/Nextcloud/Uni/6. Semester/Bt-BP 16_Bachelorarbeit/Bt-BP 16_Daten/260518_Reaktorkultivierung_1/Mikroskopie/Auswertung\result_table_260520_R1.4_0011.csv.
2026-05-21 14:25:52,078 - Application - INFO - Exported table to C:/Users/hanna/Nextcloud/Uni/6. Semester/Bt-BP 16_Bachelorarbeit/Bt-BP 16_Daten/260518_Reaktorkultivierung_1/Mikroskopie/Auswertung\result_table_260520_R1.4_0012.csv.
2026-05-21 14:25:52,079 - Application - INFO - Exported table to C:/Users/hanna/Nextcloud/Uni/6. Semester/Bt-BP 16_Bachelorarbeit/Bt-BP 16_Daten/260518_Reaktorkultivierung_1/Mikroskopie/Auswertung\result_table_260520_R1.4_0013.csv.
2026-05-21 14:25:52,080 - Application - INFO - Exported table to C:/Users/hanna/Nextcloud/Uni/6. Semester/Bt-BP 16_Bachelorarbeit/Bt-BP 16_Daten/260518_Reaktorkultivierung_1/Mikroskopie/Auswertung\result_table_260520_R1.4_0014.csv.
2026-05-21 14:25:52,081 - Application - INFO - Exported table to C:/Users/hanna/Nextcloud/Uni/6. Semester/Bt-BP 16_Bachelorarbeit/Bt-BP 16_Daten/260518_Reaktorkultivierung_1/Mikroskopie/Auswertung\result_table_260520_R1.4_0015.csv.
2026-05-21 14:25:52,083 - Application - INFO - Exported table to C:/Users/hanna/Nextcloud/Uni/6. Semester/Bt-BP 16_Bachelorarbeit/Bt-BP 16_Daten/260518_Reaktorkultivierung_1/Mikroskopie/Auswertung\result_table_260520_R1.4_0016.csv.
2026-05-21 14:25:52,084 - Application - INFO - Exported table to C:/Users/hanna/Nextcloud/Uni/6. Semester/Bt-BP 16_Bachelorarbeit/Bt-BP 16_Daten/260518_Reaktorkultivierung_1/Mikroskopie/Auswertung\result_table_260520_R1.4_0017.csv.
2026-05-21 14:25:52,085 - Application - INFO - Exported table to C:/Users/hanna/Nextcloud/Uni/6. Semester/Bt-BP 16_Bachelorarbeit/Bt-BP 16_Daten/260518_Reaktorkultivierung_1/Mikroskopie/Auswertung\result_table_260520_R1.4_0018.csv.
2026-05-21 14:25:52,087 - Application - INFO - Exported table to C:/Users/hanna/Nextcloud/Uni/6. Semester/Bt-BP 16_Bachelorarbeit/Bt-BP 16_Daten/260518_Reaktorkultivierung_1/Mikroskopie/Auswertung\result_table_260520_R1.4_0019.csv.
2026-05-21 14:25:52,089 - Application - INFO - Exported table to C:/Users/hanna/Nextcloud/Uni/6. Semester/Bt-BP 16_Bachelorarbeit/Bt-BP 16_Daten/260518_Reaktorkultivierung_1/Mikroskopie/Auswertung\result_table_260520_R1.4_0020.csv.
2026-05-21 14:25:52,090 - Application - INFO - Exported table to C:/Users/hanna/Nextcloud/Uni/6. Semester/Bt-BP 16_Bachelorarbeit/Bt-BP 16_Daten/260518_Reaktorkultivierung_1/Mikroskopie/Auswertung\result_table_260520_R1.4_0021.csv.
2026-05-21 14:25:56,574 - Application - INFO - Succesfully closed SingleImage Analysis Form.
2026-05-21 14:28:15,920 - Application - INFO - Exported table to C:/Users/hanna/Nextcloud/Uni/6. Semester/Bt-BP 16_Bachelorarbeit/Bt-BP 16_Daten/260518_Reaktorkultivierung_1/Mikroskopie/Auswertung\result_table_260521_R1.5_0001.csv.
2026-05-21 14:28:15,921 - Application - INFO - Exported table to C:/Users/hanna/Nextcloud/Uni/6. Semester/Bt-BP 16_Bachelorarbeit/Bt-BP 16_Daten/260518_Reaktorkultivierung_1/Mikroskopie/Auswertung\result_table_260521_R1.5_0002.csv.
2026-05-21 14:28:15,923 - Application - INFO - Exported table to C:/Users/hanna/Nextcloud/Uni/6. Semester/Bt-BP 16_Bachelorarbeit/Bt-BP 16_Daten/260518_Reaktorkultivierung_1/Mikroskopie/Auswertung\result_table_260521_R1.5_0003.csv.
2026-05-21 14:28:15,924 - Application - INFO - Exported table to C:/Users/hanna/Nextcloud/Uni/6. Semester/Bt-BP 16_Bachelorarbeit/Bt-BP 16_Daten/260518_Reaktorkultivierung_1/Mikroskopie/Auswertung\result_table_260521_R1.5_0004.csv.
2026-05-21 14:28:15,926 - Application - INFO - Exported table to C:/Users/hanna/Nextcloud/Uni/6. Semester/Bt-BP 16_Bachelorarbeit/Bt-BP 16_Daten/260518_Reaktorkultivierung_1/Mikroskopie/Auswertung\result_table_260521_R1.5_0005.csv.
2026-05-21 14:28:15,928 - Application - INFO - Exported table to C:/Users/hanna/Nextcloud/Uni/6. Semester/Bt-BP 16_Bachelorarbeit/Bt-BP 16_Daten/260518_Reaktorkultivierung_1/Mikroskopie/Auswertung\result_table_260521_R1.5_0006.csv.
2026-05-21 14:28:15,929 - Application - INFO - Exported table to C:/Users/hanna/Nextcloud/Uni/6. Semester/Bt-BP 16_Bachelorarbeit/Bt-BP 16_Daten/260518_Reaktorkultivierung_1/Mikroskopie/Auswertung\result_table_260521_R1.5_0007.csv.
2026-05-21 14:28:15,930 - Application - INFO - Exported table to C:/Users/hanna/Nextcloud/Uni/6. Semester/Bt-BP 16_Bachelorarbeit/Bt-BP 16_Daten/260518_Reaktorkultivierung_1/Mikroskopie/Auswertung\result_table_260521_R1.5_0008.csv.
2026-05-21 14:28:15,932 - Application - INFO - Exported table to C:/Users/hanna/Nextcloud/Uni/6. Semester/Bt-BP 16_Bachelorarbeit/Bt-BP 16_Daten/260518_Reaktorkultivierung_1/Mikroskopie/Auswertung\result_table_260521_R1.5_0009.csv.
2026-05-21 14:28:15,933 - Application - INFO - Exported table to C:/Users/hanna/Nextcloud/Uni/6. Semester/Bt-BP 16_Bachelorarbeit/Bt-BP 16_Daten/260518_Reaktorkultivierung_1/Mikroskopie/Auswertung\result_table_260521_R1.5_0010.csv.
2026-05-21 14:28:15,934 - Application - INFO - Exported table to C:/Users/hanna/Nextcloud/Uni/6. Semester/Bt-BP 16_Bachelorarbeit/Bt-BP 16_Daten/260518_Reaktorkultivierung_1/Mikroskopie/Auswertung\result_table_260521_R1.5_0011.csv.
2026-05-21 14:28:15,936 - Application - INFO - Exported table to C:/Users/hanna/Nextcloud/Uni/6. Semester/Bt-BP 16_Bachelorarbeit/Bt-BP 16_Daten/260518_Reaktorkultivierung_1/Mikroskopie/Auswertung\result_table_260521_R1.5_0012.csv.
2026-05-21 14:28:15,938 - Application - INFO - Exported table to C:/Users/hanna/Nextcloud/Uni/6. Semester/Bt-BP 16_Bachelorarbeit/Bt-BP 16_Daten/260518_Reaktorkultivierung_1/Mikroskopie/Auswertung\result_table_260521_R1.5_0013.csv.
2026-05-21 14:28:15,939 - Application - INFO - Exported table to C:/Users/hanna/Nextcloud/Uni/6. Semester/Bt-BP 16_Bachelorarbeit/Bt-BP 16_Daten/260518_Reaktorkultivierung_1/Mikroskopie/Auswertung\result_table_260521_R1.5_0014.csv.
2026-05-21 14:28:15,941 - Application - INFO - Exported table to C:/Users/hanna/Nextcloud/Uni/6. Semester/Bt-BP 16_Bachelorarbeit/Bt-BP 16_Daten/260518_Reaktorkultivierung_1/Mikroskopie/Auswertung\result_table_260521_R1.5_0015.csv.
2026-05-21 14:28:15,943 - Application - INFO - Exported table to C:/Users/hanna/Nextcloud/Uni/6. Semester/Bt-BP 16_Bachelorarbeit/Bt-BP 16_Daten/260518_Reaktorkultivierung_1/Mikroskopie/Auswertung\result_table_260521_R1.5_0016.csv.
2026-05-21 14:28:15,945 - Application - INFO - Exported table to C:/Users/hanna/Nextcloud/Uni/6. Semester/Bt-BP 16_Bachelorarbeit/Bt-BP 16_Daten/260518_Reaktorkultivierung_1/Mikroskopie/Auswertung\result_table_260521_R1.5_0017.csv.
2026-05-21 14:28:15,946 - Application - INFO - Exported table to C:/Users/hanna/Nextcloud/Uni/6. Semester/Bt-BP 16_Bachelorarbeit/Bt-BP 16_Daten/260518_Reaktorkultivierung_1/Mikroskopie/Auswertung\result_table_260521_R1.5_0018.csv.
2026-05-21 14:28:15,947 - Application - INFO - Exported table to C:/Users/hanna/Nextcloud/Uni/6. Semester/Bt-BP 16_Bachelorarbeit/Bt-BP 16_Daten/260518_Reaktorkultivierung_1/Mikroskopie/Auswertung\result_table_260521_R1.5_0019.csv.
2026-05-21 14:28:15,949 - Application - INFO - Exported table to C:/Users/hanna/Nextcloud/Uni/6. Semester/Bt-BP 16_Bachelorarbeit/Bt-BP 16_Daten/260518_Reaktorkultivierung_1/Mikroskopie/Auswertung\result_table_260521_R1.5_0020.csv.
2026-05-21 14:28:15,950 - Application - INFO - Exported table to C:/Users/hanna/Nextcloud/Uni/6. Semester/Bt-BP 16_Bachelorarbeit/Bt-BP 16_Daten/260518_Reaktorkultivierung_1/Mikroskopie/Auswertung\result_table_260521_R1.5_0021.csv.
2026-05-21 14:28:15,951 - Application - INFO - Exported table to C:/Users/hanna/Nextcloud/Uni/6. Semester/Bt-BP 16_Bachelorarbeit/Bt-BP 16_Daten/260518_Reaktorkultivierung_1/Mikroskopie/Auswertung\result_table_260521_R1.5_0022.csv.
2026-05-21 14:28:15,952 - Application - INFO - Exported table to C:/Users/hanna/Nextcloud/Uni/6. Semester/Bt-BP 16_Bachelorarbeit/Bt-BP 16_Daten/260518_Reaktorkultivierung_1/Mikroskopie/Auswertung\result_table_260521_R1.5_0023.csv.
2026-05-21 14:28:19,931 - Application - INFO - Succesfully closed SingleImage Analysis Form.
2026-06-22 13:41:25,738 - Application - INFO - Exported table to C:/Users/L. Pastwa/Documents/Hanna/onlineBioVision-second pump_main/onlineBioVision-second pump/model/data/tmp/oImg_R_K2_HaP/Measurement/260619_K2_12/Images/Auswahl\result_table_260619_oImg_R_K2_HaP_12_12_50_0.csv.
2026-06-22 13:41:25,741 - Application - INFO - Exported table to C:/Users/L. Pastwa/Documents/Hanna/onlineBioVision-second pump_main/onlineBioVision-second pump/model/data/tmp/oImg_R_K2_HaP/Measurement/260619_K2_12/Images/Auswahl\result_table_260619_oImg_R_K2_HaP_12_13_18_0.csv.
2026-06-22 13:41:25,743 - Application - INFO - Exported table to C:/Users/L. Pastwa/Documents/Hanna/onlineBioVision-second pump_main/onlineBioVision-second pump/model/data/tmp/oImg_R_K2_HaP/Measurement/260619_K2_12/Images/Auswahl\result_table_260619_oImg_R_K2_HaP_12_13_20_0.csv.
2026-06-22 13:41:25,744 - Application - INFO - Exported table to C:/Users/L. Pastwa/Documents/Hanna/onlineBioVision-second pump_main/onlineBioVision-second pump/model/data/tmp/oImg_R_K2_HaP/Measurement/260619_K2_12/Images/Auswahl\result_table_260619_oImg_R_K2_HaP_12_13_22_0.csv.
2026-06-22 13:41:25,746 - Application - INFO - Exported table to C:/Users/L. Pastwa/Documents/Hanna/onlineBioVision-second pump_main/onlineBioVision-second pump/model/data/tmp/oImg_R_K2_HaP/Measurement/260619_K2_12/Images/Auswahl\result_table_260619_oImg_R_K2_HaP_12_13_24_0.csv.
2026-06-22 13:41:25,748 - Application - INFO - Exported table to C:/Users/L. Pastwa/Documents/Hanna/onlineBioVision-second pump_main/onlineBioVision-second pump/model/data/tmp/oImg_R_K2_HaP/Measurement/260619_K2_12/Images/Auswahl\result_table_260619_oImg_R_K2_HaP_12_13_26_0.csv.
2026-06-22 13:41:25,751 - Application - INFO - Exported table to C:/Users/L. Pastwa/Documents/Hanna/onlineBioVision-second pump_main/onlineBioVision-second pump/model/data/tmp/oImg_R_K2_HaP/Measurement/260619_K2_12/Images/Auswahl\result_table_260619_oImg_R_K2_HaP_12_13_34_0.csv.
2026-06-22 13:41:25,753 - Application - INFO - Exported table to C:/Users/L. Pastwa/Documents/Hanna/onlineBioVision-second pump_main/onlineBioVision-second pump/model/data/tmp/oImg_R_K2_HaP/Measurement/260619_K2_12/Images/Auswahl\result_table_260619_oImg_R_K2_HaP_12_13_36_0.csv.
2026-06-22 13:41:25,755 - Application - INFO - Exported table to C:/Users/L. Pastwa/Documents/Hanna/onlineBioVision-second pump_main/onlineBioVision-second pump/model/data/tmp/oImg_R_K2_HaP/Measurement/260619_K2_12/Images/Auswahl\result_table_260619_oImg_R_K2_HaP_12_13_38_0.csv.
2026-06-22 13:41:25,757 - Application - INFO - Exported table to C:/Users/L. Pastwa/Documents/Hanna/onlineBioVision-second pump_main/onlineBioVision-second pump/model/data/tmp/oImg_R_K2_HaP/Measurement/260619_K2_12/Images/Auswahl\result_table_260619_oImg_R_K2_HaP_12_14_00_0.csv.
2026-06-22 13:41:25,760 - Application - INFO - Exported table to C:/Users/L. Pastwa/Documents/Hanna/onlineBioVision-second pump_main/onlineBioVision-second pump/model/data/tmp/oImg_R_K2_HaP/Measurement/260619_K2_12/Images/Auswahl\result_table_260619_oImg_R_K2_HaP_12_14_02_0.csv.
2026-06-22 13:41:25,762 - Application - INFO - Exported table to C:/Users/L. Pastwa/Documents/Hanna/onlineBioVision-second pump_main/onlineBioVision-second pump/model/data/tmp/oImg_R_K2_HaP/Measurement/260619_K2_12/Images/Auswahl\result_table_260619_oImg_R_K2_HaP_12_14_04_0.csv.
2026-06-22 13:41:25,764 - Application - INFO - Exported table to C:/Users/L. Pastwa/Documents/Hanna/onlineBioVision-second pump_main/onlineBioVision-second pump/model/data/tmp/oImg_R_K2_HaP/Measurement/260619_K2_12/Images/Auswahl\result_table_260619_oImg_R_K2_HaP_12_14_06_0.csv.
2026-06-22 13:41:25,766 - Application - INFO - Exported table to C:/Users/L. Pastwa/Documents/Hanna/onlineBioVision-second pump_main/onlineBioVision-second pump/model/data/tmp/oImg_R_K2_HaP/Measurement/260619_K2_12/Images/Auswahl\result_table_260619_oImg_R_K2_HaP_12_14_08_0.csv.
2026-06-22 13:41:25,767 - Application - INFO - Exported table to C:/Users/L. Pastwa/Documents/Hanna/onlineBioVision-second pump_main/onlineBioVision-second pump/model/data/tmp/oImg_R_K2_HaP/Measurement/260619_K2_12/Images/Auswahl\result_table_260619_oImg_R_K2_HaP_12_14_15_0.csv.
2026-06-22 13:41:25,769 - Application - INFO - Exported table to C:/Users/L. Pastwa/Documents/Hanna/onlineBioVision-second pump_main/onlineBioVision-second pump/model/data/tmp/oImg_R_K2_HaP/Measurement/260619_K2_12/Images/Auswahl\result_table_260619_oImg_R_K2_HaP_12_14_17_0.csv.
2026-06-22 13:41:25,770 - Application - INFO - Exported table to C:/Users/L. Pastwa/Documents/Hanna/onlineBioVision-second pump_main/onlineBioVision-second pump/model/data/tmp/oImg_R_K2_HaP/Measurement/260619_K2_12/Images/Auswahl\result_table_260619_oImg_R_K2_HaP_12_14_19_0.csv.
2026-06-22 13:41:25,772 - Application - INFO - Exported table to C:/Users/L. Pastwa/Documents/Hanna/onlineBioVision-second pump_main/onlineBioVision-second pump/model/data/tmp/oImg_R_K2_HaP/Measurement/260619_K2_12/Images/Auswahl\result_table_260619_oImg_R_K2_HaP_14_13_42_0.csv.
2026-06-22 13:41:25,774 - Application - INFO - Exported table to C:/Users/L. Pastwa/Documents/Hanna/onlineBioVision-second pump_main/onlineBioVision-second pump/model/data/tmp/oImg_R_K2_HaP/Measurement/260619_K2_12/Images/Auswahl\result_table_260619_oImg_R_K2_HaP_14_13_56_0.csv.
2026-06-22 13:41:25,776 - Application - INFO - Exported table to C:/Users/L. Pastwa/Documents/Hanna/onlineBioVision-second pump_main/onlineBioVision-second pump/model/data/tmp/oImg_R_K2_HaP/Measurement/260619_K2_12/Images/Auswahl\result_table_260619_oImg_R_K2_HaP_14_13_58_0.csv.
2026-06-22 13:41:25,779 - Application - INFO - Exported table to C:/Users/L. Pastwa/Documents/Hanna/onlineBioVision-second pump_main/onlineBioVision-second pump/model/data/tmp/oImg_R_K2_HaP/Measurement/260619_K2_12/Images/Auswahl\result_table_260619_oImg_R_K2_HaP_14_14_02_0.csv.
2026-06-22 13:41:25,781 - Application - INFO - Exported table to C:/Users/L. Pastwa/Documents/Hanna/onlineBioVision-second pump_main/onlineBioVision-second pump/model/data/tmp/oImg_R_K2_HaP/Measurement/260619_K2_12/Images/Auswahl\result_table_260619_oImg_R_K2_HaP_14_14_22_0.csv.
2026-06-22 13:41:25,783 - Application - INFO - Exported table to C:/Users/L. Pastwa/Documents/Hanna/onlineBioVision-second pump_main/onlineBioVision-second pump/model/data/tmp/oImg_R_K2_HaP/Measurement/260619_K2_12/Images/Auswahl\result_table_260619_oImg_R_K2_HaP_14_14_24_0.csv.
2026-06-22 13:41:25,785 - Application - INFO - Exported table to C:/Users/L. Pastwa/Documents/Hanna/onlineBioVision-second pump_main/onlineBioVision-second pump/model/data/tmp/oImg_R_K2_HaP/Measurement/260619_K2_12/Images/Auswahl\result_table_260619_oImg_R_K2_HaP_14_14_26_0.csv.
2026-06-22 13:41:25,787 - Application - INFO - Exported table to C:/Users/L. Pastwa/Documents/Hanna/onlineBioVision-second pump_main/onlineBioVision-second pump/model/data/tmp/oImg_R_K2_HaP/Measurement/260619_K2_12/Images/Auswahl\result_table_260619_oImg_R_K2_HaP_14_14_28_0.csv.
2026-06-22 13:41:25,789 - Application - INFO - Exported table to C:/Users/L. Pastwa/Documents/Hanna/onlineBioVision-second pump_main/onlineBioVision-second pump/model/data/tmp/oImg_R_K2_HaP/Measurement/260619_K2_12/Images/Auswahl\result_table_260619_oImg_R_K2_HaP_14_14_30_0.csv.
2026-06-22 13:41:25,793 - Application - INFO - Exported table to C:/Users/L. Pastwa/Documents/Hanna/onlineBioVision-second pump_main/onlineBioVision-second pump/model/data/tmp/oImg_R_K2_HaP/Measurement/260619_K2_12/Images/Auswahl\result_table_260619_oImg_R_K2_HaP_16_13_38_0.csv.
2026-06-22 13:41:25,795 - Application - INFO - Exported table to C:/Users/L. Pastwa/Documents/Hanna/onlineBioVision-second pump_main/onlineBioVision-second pump/model/data/tmp/oImg_R_K2_HaP/Measurement/260619_K2_12/Images/Auswahl\result_table_260619_oImg_R_K2_HaP_16_14_02_0.csv.
2026-06-22 13:41:25,796 - Application - INFO - Exported table to C:/Users/L. Pastwa/Documents/Hanna/onlineBioVision-second pump_main/onlineBioVision-second pump/model/data/tmp/oImg_R_K2_HaP/Measurement/260619_K2_12/Images/Auswahl\result_table_260619_oImg_R_K2_HaP_16_14_59_0.csv.
2026-06-22 13:41:25,798 - Application - INFO - Exported table to C:/Users/L. Pastwa/Documents/Hanna/onlineBioVision-second pump_main/onlineBioVision-second pump/model/data/tmp/oImg_R_K2_HaP/Measurement/260619_K2_12/Images/Auswahl\result_table_260619_oImg_R_K2_HaP_16_15_01_0.csv.
2026-06-22 13:41:25,801 - Application - INFO - Exported table to C:/Users/L. Pastwa/Documents/Hanna/onlineBioVision-second pump_main/onlineBioVision-second pump/model/data/tmp/oImg_R_K2_HaP/Measurement/260619_K2_12/Images/Auswahl\result_table_260619_oImg_R_K2_HaP_16_15_03_0.csv.
2026-06-22 13:41:25,802 - Application - INFO - Exported table to C:/Users/L. Pastwa/Documents/Hanna/onlineBioVision-second pump_main/onlineBioVision-second pump/model/data/tmp/oImg_R_K2_HaP/Measurement/260619_K2_12/Images/Auswahl\result_table_260619_oImg_R_K2_HaP_16_15_05_0.csv.
2026-06-22 13:41:25,805 - Application - INFO - Exported table to C:/Users/L. Pastwa/Documents/Hanna/onlineBioVision-second pump_main/onlineBioVision-second pump/model/data/tmp/oImg_R_K2_HaP/Measurement/260619_K2_12/Images/Auswahl\result_table_260619_oImg_R_K2_HaP_16_15_07_0.csv.
2026-06-22 13:41:25,807 - Application - INFO - Exported table to C:/Users/L. Pastwa/Documents/Hanna/onlineBioVision-second pump_main/onlineBioVision-second pump/model/data/tmp/oImg_R_K2_HaP/Measurement/260619_K2_12/Images/Auswahl\result_table_260619_oImg_R_K2_HaP_18_14_48_0.csv.
2026-06-22 13:41:25,808 - Application - INFO - Exported table to C:/Users/L. Pastwa/Documents/Hanna/onlineBioVision-second pump_main/onlineBioVision-second pump/model/data/tmp/oImg_R_K2_HaP/Measurement/260619_K2_12/Images/Auswahl\result_table_260619_oImg_R_K2_HaP_20_14_46_0.csv.
2026-06-22 13:41:25,809 - Application - INFO - Exported table to C:/Users/L. Pastwa/Documents/Hanna/onlineBioVision-second pump_main/onlineBioVision-second pump/model/data/tmp/oImg_R_K2_HaP/Measurement/260619_K2_12/Images/Auswahl\result_table_260619_oImg_R_K2_HaP_22_14_35_0.csv.
2026-06-22 13:41:29,430 - Application - INFO - Succesfully closed SingleImage Analysis Form.
2026-06-30 14:01:42,166 - Application - INFO - Succesfully closed SingleImage Analysis Form.
2026-08-17 09:53:21,369 - Application - INFO - Exported table to C:/Users/L. Pastwa/Desktop/Valeria/Tabellen Mikroskop Bilder\result_table_260805_VK_K4_10_0003.csv.
2026-08-17 09:53:21,370 - Application - INFO - Exported table to C:/Users/L. Pastwa/Desktop/Valeria/Tabellen Mikroskop Bilder\result_table_260805_VK_K4_10_0004.csv.
2026-08-17 09:53:21,371 - Application - INFO - Exported table to C:/Users/L. Pastwa/Desktop/Valeria/Tabellen Mikroskop Bilder\result_table_260805_VK_K4_10_0005.csv.
2026-08-17 09:53:21,372 - Application - INFO - Exported table to C:/Users/L. Pastwa/Desktop/Valeria/Tabellen Mikroskop Bilder\result_table_260805_VK_K4_10_0006.csv.
2026-08-17 09:53:21,372 - Application - INFO - Exported table to C:/Users/L. Pastwa/Desktop/Valeria/Tabellen Mikroskop Bilder\result_table_260805_VK_K4_10_0007.csv.
2026-08-17 09:53:21,373 - Application - INFO - Exported table to C:/Users/L. Pastwa/Desktop/Valeria/Tabellen Mikroskop Bilder\result_table_260805_VK_K4_10_0008.csv.
2026-08-17 09:53:21,373 - Application - INFO - Exported table to C:/Users/L. Pastwa/Desktop/Valeria/Tabellen Mikroskop Bilder\result_table_260805_VK_K4_10_0009.csv.
2026-08-17 09:53:21,374 - Application - INFO - Exported table to C:/Users/L. Pastwa/Desktop/Valeria/Tabellen Mikroskop Bilder\result_table_260805_VK_K4_10_0010.csv.
2026-08-17 09:53:21,375 - Application - INFO - Exported table to C:/Users/L. Pastwa/Desktop/Valeria/Tabellen Mikroskop Bilder\result_table_260805_VK_K4_10_0011.csv.
2026-08-17 09:53:21,375 - Application - INFO - Exported table to C:/Users/L. Pastwa/Desktop/Valeria/Tabellen Mikroskop Bilder\result_table_260805_VK_K4_10_0012.csv.
2026-08-17 09:53:21,376 - Application - INFO - Exported table to C:/Users/L. Pastwa/Desktop/Valeria/Tabellen Mikroskop Bilder\result_table_260805_VK_K4_10_0013.csv.
2026-08-17 09:53:21,376 - Application - INFO - Exported table to C:/Users/L. Pastwa/Desktop/Valeria/Tabellen Mikroskop Bilder\result_table_260805_VK_K4_10_0014.csv.
2026-08-17 09:53:21,377 - Application - INFO - Exported table to C:/Users/L. Pastwa/Desktop/Valeria/Tabellen Mikroskop Bilder\result_table_260805_VK_K4_10_0015.csv.
2026-08-17 09:53:21,378 - Application - INFO - Exported table to C:/Users/L. Pastwa/Desktop/Valeria/Tabellen Mikroskop Bilder\result_table_260805_VK_K4_10_0016.csv.
2026-08-17 09:53:21,378 - Application - INFO - Exported table to C:/Users/L. Pastwa/Desktop/Valeria/Tabellen Mikroskop Bilder\result_table_260805_VK_K4_10_0017.csv.
2026-08-17 09:53:21,379 - Application - INFO - Exported table to C:/Users/L. Pastwa/Desktop/Valeria/Tabellen Mikroskop Bilder\result_table_260805_VK_K4_10_0018.csv.
2026-08-17 09:53:21,379 - Application - INFO - Exported table to C:/Users/L. Pastwa/Desktop/Valeria/Tabellen Mikroskop Bilder\result_table_260805_VK_K4_10_0019.csv.
2026-08-17 09:53:21,380 - Application - INFO - Exported table to C:/Users/L. Pastwa/Desktop/Valeria/Tabellen Mikroskop Bilder\result_table_260805_VK_K4_10_0020.csv.
2026-08-17 09:53:21,381 - Application - INFO - Exported table to C:/Users/L. Pastwa/Desktop/Valeria/Tabellen Mikroskop Bilder\result_table_260805_VK_K5_9_0001.csv.
2026-08-17 09:53:21,381 - Application - INFO - Exported table to C:/Users/L. Pastwa/Desktop/Valeria/Tabellen Mikroskop Bilder\result_table_260805_VK_K5_9_0002.csv.
2026-08-17 09:53:21,382 - Application - INFO - Exported table to C:/Users/L. Pastwa/Desktop/Valeria/Tabellen Mikroskop Bilder\result_table_260805_VK_K5_9_0003.csv.
2026-08-17 09:53:21,382 - Application - INFO - Exported table to C:/Users/L. Pastwa/Desktop/Valeria/Tabellen Mikroskop Bilder\result_table_260805_VK_K5_9_0004.csv.
2026-08-17 09:53:21,383 - Application - INFO - Exported table to C:/Users/L. Pastwa/Desktop/Valeria/Tabellen Mikroskop Bilder\result_table_260805_VK_K5_9_0005.csv.
2026-08-17 09:53:21,383 - Application - INFO - Exported table to C:/Users/L. Pastwa/Desktop/Valeria/Tabellen Mikroskop Bilder\result_table_260805_VK_K5_9_0006.csv.
2026-08-17 09:53:21,384 - Application - INFO - Exported table to C:/Users/L. Pastwa/Desktop/Valeria/Tabellen Mikroskop Bilder\result_table_260805_VK_K5_9_0007.csv.
2026-08-17 09:53:21,384 - Application - INFO - Exported table to C:/Users/L. Pastwa/Desktop/Valeria/Tabellen Mikroskop Bilder\result_table_260805_VK_K5_9_0008.csv.
2026-08-17 09:53:21,385 - Application - INFO - Exported table to C:/Users/L. Pastwa/Desktop/Valeria/Tabellen Mikroskop Bilder\result_table_260805_VK_K5_9_0009.csv.
2026-08-17 09:53:21,385 - Application - INFO - Exported table to C:/Users/L. Pastwa/Desktop/Valeria/Tabellen Mikroskop Bilder\result_table_260805_VK_K5_9_0010.csv.
2026-08-17 09:53:21,386 - Application - INFO - Exported table to C:/Users/L. Pastwa/Desktop/Valeria/Tabellen Mikroskop Bilder\result_table_260805_VK_K5_9_0011.csv.
2026-08-17 09:53:21,386 - Application - INFO - Exported table to C:/Users/L. Pastwa/Desktop/Valeria/Tabellen Mikroskop Bilder\result_table_260805_VK_K5_9_0012.csv.
2026-08-17 09:53:21,387 - Application - INFO - Exported table to C:/Users/L. Pastwa/Desktop/Valeria/Tabellen Mikroskop Bilder\result_table_260805_VK_K5_9_0013.csv.
2026-08-17 09:53:21,388 - Application - INFO - Exported table to C:/Users/L. Pastwa/Desktop/Valeria/Tabellen Mikroskop Bilder\result_table_260805_VK_K5_9_0014.csv.
2026-08-17 09:53:21,388 - Application - INFO - Exported table to C:/Users/L. Pastwa/Desktop/Valeria/Tabellen Mikroskop Bilder\result_table_260805_VK_K5_9_0015.csv.
2026-08-17 09:53:21,389 - Application - INFO - Exported table to C:/Users/L. Pastwa/Desktop/Valeria/Tabellen Mikroskop Bilder\result_table_260805_VK_K5_9_0016.csv.
2026-08-17 09:53:21,389 - Application - INFO - Exported table to C:/Users/L. Pastwa/Desktop/Valeria/Tabellen Mikroskop Bilder\result_table_260805_VK_K5_9_0017.csv.
2026-08-17 09:53:21,390 - Application - INFO - Exported table to C:/Users/L. Pastwa/Desktop/Valeria/Tabellen Mikroskop Bilder\result_table_260805_VK_K5_9_0018.csv.
2026-08-17 09:53:21,390 - Application - INFO - Exported table to C:/Users/L. Pastwa/Desktop/Valeria/Tabellen Mikroskop Bilder\result_table_260805_VK_K5_10_0001.csv.
2026-08-17 09:53:21,391 - Application - INFO - Exported table to C:/Users/L. Pastwa/Desktop/Valeria/Tabellen Mikroskop Bilder\result_table_260805_VK_K5_10_0002.csv.
2026-08-17 09:53:21,391 - Application - INFO - Exported table to C:/Users/L. Pastwa/Desktop/Valeria/Tabellen Mikroskop Bilder\result_table_260805_VK_K5_10_0003.csv.
2026-08-17 09:53:21,392 - Application - INFO - Exported table to C:/Users/L. Pastwa/Desktop/Valeria/Tabellen Mikroskop Bilder\result_table_260805_VK_K5_10_0004.csv.
2026-08-17 09:53:21,393 - Application - INFO - Exported table to C:/Users/L. Pastwa/Desktop/Valeria/Tabellen Mikroskop Bilder\result_table_260805_VK_K5_10_0005.csv.
2026-08-17 09:53:21,394 - Application - INFO - Exported table to C:/Users/L. Pastwa/Desktop/Valeria/Tabellen Mikroskop Bilder\result_table_260805_VK_K5_10_0006.csv.
2026-08-17 09:53:21,394 - Application - INFO - Exported table to C:/Users/L. Pastwa/Desktop/Valeria/Tabellen Mikroskop Bilder\result_table_260805_VK_K5_10_0007.csv.
2026-08-17 09:53:21,395 - Application - INFO - Exported table to C:/Users/L. Pastwa/Desktop/Valeria/Tabellen Mikroskop Bilder\result_table_260805_VK_K5_10_0008.csv.
2026-08-17 09:53:21,396 - Application - INFO - Exported table to C:/Users/L. Pastwa/Desktop/Valeria/Tabellen Mikroskop Bilder\result_table_260805_VK_K5_10_0009.csv.
2026-08-17 09:53:23,888 - Application - INFO - Succesfully closed SingleImage Analysis Form.
2026-08-17 09:54:37,207 - Application - INFO - Exported table to C:/Users/L. Pastwa/Desktop/Valeria/Tabellen Mikroskop Bilder\result_table_260805_VK_K5_10_0010.csv.
2026-08-17 09:54:37,207 - Application - INFO - Exported table to C:/Users/L. Pastwa/Desktop/Valeria/Tabellen Mikroskop Bilder\result_table_260805_VK_K5_10_0011.csv.
2026-08-17 09:54:37,208 - Application - INFO - Exported table to C:/Users/L. Pastwa/Desktop/Valeria/Tabellen Mikroskop Bilder\result_table_260805_VK_K5_10_0012.csv.
2026-08-17 09:54:37,209 - Application - INFO - Exported table to C:/Users/L. Pastwa/Desktop/Valeria/Tabellen Mikroskop Bilder\result_table_260805_VK_K5_10_0013.csv.
2026-08-17 09:54:37,209 - Application - INFO - Exported table to C:/Users/L. Pastwa/Desktop/Valeria/Tabellen Mikroskop Bilder\result_table_260805_VK_K5_10_0014.csv.
2026-08-17 09:54:37,210 - Application - INFO - Exported table to C:/Users/L. Pastwa/Desktop/Valeria/Tabellen Mikroskop Bilder\result_table_260805_VK_K5_10_0015.csv.
2026-08-17 09:54:37,210 - Application - INFO - Exported table to C:/Users/L. Pastwa/Desktop/Valeria/Tabellen Mikroskop Bilder\result_table_260805_VK_K5_10_0016.csv.
2026-08-17 09:54:37,211 - Application - INFO - Exported table to C:/Users/L. Pastwa/Desktop/Valeria/Tabellen Mikroskop Bilder\result_table_260805_VK_K5_10_0017.csv.
2026-08-17 09:54:37,212 - Application - INFO - Exported table to C:/Users/L. Pastwa/Desktop/Valeria/Tabellen Mikroskop Bilder\result_table_260806_VK_K4_11_0001.csv.
2026-08-17 09:54:37,212 - Application - INFO - Exported table to C:/Users/L. Pastwa/Desktop/Valeria/Tabellen Mikroskop Bilder\result_table_260806_VK_K4_11_0002.csv.
2026-08-17 09:54:37,213 - Application - INFO - Exported table to C:/Users/L. Pastwa/Desktop/Valeria/Tabellen Mikroskop Bilder\result_table_260806_VK_K4_11_0003.csv.
2026-08-17 09:54:37,214 - Application - INFO - Exported table to C:/Users/L. Pastwa/Desktop/Valeria/Tabellen Mikroskop Bilder\result_table_260806_VK_K4_11_0004.csv.
2026-08-17 09:54:37,214 - Application - INFO - Exported table to C:/Users/L. Pastwa/Desktop/Valeria/Tabellen Mikroskop Bilder\result_table_260806_VK_K4_11_0005.csv.
2026-08-17 09:54:37,215 - Application - INFO - Exported table to C:/Users/L. Pastwa/Desktop/Valeria/Tabellen Mikroskop Bilder\result_table_260806_VK_K4_11_0006.csv.
2026-08-17 09:54:37,216 - Application - INFO - Exported table to C:/Users/L. Pastwa/Desktop/Valeria/Tabellen Mikroskop Bilder\result_table_260806_VK_K4_11_0007.csv.
2026-08-17 09:54:37,216 - Application - INFO - Exported table to C:/Users/L. Pastwa/Desktop/Valeria/Tabellen Mikroskop Bilder\result_table_260806_VK_K4_11_0008.csv.
2026-08-17 09:54:37,217 - Application - INFO - Exported table to C:/Users/L. Pastwa/Desktop/Valeria/Tabellen Mikroskop Bilder\result_table_260806_VK_K4_11_0009.csv.
2026-08-17 09:54:37,217 - Application - INFO - Exported table to C:/Users/L. Pastwa/Desktop/Valeria/Tabellen Mikroskop Bilder\result_table_260806_VK_K4_11_0010.csv.
2026-08-17 09:54:37,219 - Application - INFO - Exported table to C:/Users/L. Pastwa/Desktop/Valeria/Tabellen Mikroskop Bilder\result_table_260806_VK_K4_11_0011.csv.
2026-08-17 09:54:37,219 - Application - INFO - Exported table to C:/Users/L. Pastwa/Desktop/Valeria/Tabellen Mikroskop Bilder\result_table_260806_VK_K4_11_0012.csv.
2026-08-17 09:54:37,220 - Application - INFO - Exported table to C:/Users/L. Pastwa/Desktop/Valeria/Tabellen Mikroskop Bilder\result_table_260806_VK_K4_11_0013.csv.
2026-08-17 09:54:37,221 - Application - INFO - Exported table to C:/Users/L. Pastwa/Desktop/Valeria/Tabellen Mikroskop Bilder\result_table_260806_VK_K4_11_0014.csv.
2026-08-17 09:54:37,221 - Application - INFO - Exported table to C:/Users/L. Pastwa/Desktop/Valeria/Tabellen Mikroskop Bilder\result_table_260806_VK_K4_11_0015.csv.
2026-08-17 09:54:37,222 - Application - INFO - Exported table to C:/Users/L. Pastwa/Desktop/Valeria/Tabellen Mikroskop Bilder\result_table_260806_VK_K4_11_0016.csv.
2026-08-17 09:54:37,223 - Application - INFO - Exported table to C:/Users/L. Pastwa/Desktop/Valeria/Tabellen Mikroskop Bilder\result_table_260806_VK_K4_11_0017.csv.
2026-08-17 09:54:37,223 - Application - INFO - Exported table to C:/Users/L. Pastwa/Desktop/Valeria/Tabellen Mikroskop Bilder\result_table_260806_VK_K4_12_0001.csv.
2026-08-17 09:54:37,224 - Application - INFO - Exported table to C:/Users/L. Pastwa/Desktop/Valeria/Tabellen Mikroskop Bilder\result_table_260806_VK_K4_12_0002.csv.
2026-08-17 09:54:37,225 - Application - INFO - Exported table to C:/Users/L. Pastwa/Desktop/Valeria/Tabellen Mikroskop Bilder\result_table_260806_VK_K4_12_0003.csv.
2026-08-17 09:54:37,226 - Application - INFO - Exported table to C:/Users/L. Pastwa/Desktop/Valeria/Tabellen Mikroskop Bilder\result_table_260806_VK_K4_12_0004.csv.
2026-08-17 09:54:37,226 - Application - INFO - Exported table to C:/Users/L. Pastwa/Desktop/Valeria/Tabellen Mikroskop Bilder\result_table_260806_VK_K4_12_0005.csv.
2026-08-17 09:54:37,227 - Application - INFO - Exported table to C:/Users/L. Pastwa/Desktop/Valeria/Tabellen Mikroskop Bilder\result_table_260806_VK_K4_12_0006.csv.
2026-08-17 09:54:37,228 - Application - INFO - Exported table to C:/Users/L. Pastwa/Desktop/Valeria/Tabellen Mikroskop Bilder\result_table_260806_VK_K4_12_0007.csv.
2026-08-17 09:54:37,229 - Application - INFO - Exported table to C:/Users/L. Pastwa/Desktop/Valeria/Tabellen Mikroskop Bilder\result_table_260806_VK_K4_12_0008.csv.
2026-08-17 09:54:37,229 - Application - INFO - Exported table to C:/Users/L. Pastwa/Desktop/Valeria/Tabellen Mikroskop Bilder\result_table_260806_VK_K4_12_0009.csv.
2026-08-17 09:54:37,230 - Application - INFO - Exported table to C:/Users/L. Pastwa/Desktop/Valeria/Tabellen Mikroskop Bilder\result_table_260806_VK_K4_12_0010.csv.
2026-08-17 09:54:37,231 - Application - INFO - Exported table to C:/Users/L. Pastwa/Desktop/Valeria/Tabellen Mikroskop Bilder\result_table_260806_VK_K4_12_0011.csv.
2026-08-17 09:54:37,231 - Application - INFO - Exported table to C:/Users/L. Pastwa/Desktop/Valeria/Tabellen Mikroskop Bilder\result_table_260806_VK_K4_12_0012.csv.
2026-08-17 09:54:37,232 - Application - INFO - Exported table to C:/Users/L. Pastwa/Desktop/Valeria/Tabellen Mikroskop Bilder\result_table_260806_VK_K4_12_0013.csv.
2026-08-17 09:54:37,233 - Application - INFO - Exported table to C:/Users/L. Pastwa/Desktop/Valeria/Tabellen Mikroskop Bilder\result_table_260806_VK_K4_12_0014.csv.
2026-08-17 09:54:37,234 - Application - INFO - Exported table to C:/Users/L. Pastwa/Desktop/Valeria/Tabellen Mikroskop Bilder\result_table_260806_VK_K4_12_0015.csv.
2026-08-17 09:54:37,234 - Application - INFO - Exported table to C:/Users/L. Pastwa/Desktop/Valeria/Tabellen Mikroskop Bilder\result_table_260806_VK_K4_12_0016.csv.
2026-08-17 09:54:37,235 - Application - INFO - Exported table to C:/Users/L. Pastwa/Desktop/Valeria/Tabellen Mikroskop Bilder\result_table_260806_VK_K4_12_0017.csv.
2026-08-17 09:54:37,236 - Application - INFO - Exported table to C:/Users/L. Pastwa/Desktop/Valeria/Tabellen Mikroskop Bilder\result_table_260806_VK_K4_12_0018.csv.
2026-08-17 09:54:37,236 - Application - INFO - Exported table to C:/Users/L. Pastwa/Desktop/Valeria/Tabellen Mikroskop Bilder\result_table_260806_VK_K5_11_0001.csv.
2026-08-17 09:54:37,237 - Application - INFO - Exported table to C:/Users/L. Pastwa/Desktop/Valeria/Tabellen Mikroskop Bilder\result_table_260806_VK_K5_11_0002.csv.
2026-08-17 09:54:37,238 - Application - INFO - Exported table to C:/Users/L. Pastwa/Desktop/Valeria/Tabellen Mikroskop Bilder\result_table_260806_VK_K5_11_0003.csv.
2026-08-17 09:54:37,238 - Application - INFO - Exported table to C:/Users/L. Pastwa/Desktop/Valeria/Tabellen Mikroskop Bilder\result_table_260806_VK_K5_11_0004.csv.
2026-08-17 09:54:37,239 - Application - INFO - Exported table to C:/Users/L. Pastwa/Desktop/Valeria/Tabellen Mikroskop Bilder\result_table_260806_VK_K5_11_0005.csv.
2026-08-17 09:54:37,240 - Application - INFO - Exported table to C:/Users/L. Pastwa/Desktop/Valeria/Tabellen Mikroskop Bilder\result_table_260806_VK_K5_11_0006.csv.
2026-08-17 09:54:37,240 - Application - INFO - Exported table to C:/Users/L. Pastwa/Desktop/Valeria/Tabellen Mikroskop Bilder\result_table_260806_VK_K5_11_0007.csv.
2026-08-17 09:54:37,241 - Application - INFO - Exported table to C:/Users/L. Pastwa/Desktop/Valeria/Tabellen Mikroskop Bilder\result_table_260806_VK_K5_11_0008.csv.
2026-08-17 09:54:37,242 - Application - INFO - Exported table to C:/Users/L. Pastwa/Desktop/Valeria/Tabellen Mikroskop Bilder\result_table_260806_VK_K5_11_0009.csv.
2026-08-17 09:54:37,242 - Application - INFO - Exported table to C:/Users/L. Pastwa/Desktop/Valeria/Tabellen Mikroskop Bilder\result_table_260806_VK_K5_11_0010.csv.
2026-08-17 09:54:37,243 - Application - INFO - Exported table to C:/Users/L. Pastwa/Desktop/Valeria/Tabellen Mikroskop Bilder\result_table_260806_VK_K5_11_0011.csv.
2026-08-17 09:54:37,243 - Application - INFO - Exported table to C:/Users/L. Pastwa/Desktop/Valeria/Tabellen Mikroskop Bilder\result_table_260806_VK_K5_11_0012.csv.
2026-08-17 09:54:37,244 - Application - INFO - Exported table to C:/Users/L. Pastwa/Desktop/Valeria/Tabellen Mikroskop Bilder\result_table_260806_VK_K5_11_0013.csv.
2026-08-17 09:54:37,245 - Application - INFO - Exported table to C:/Users/L. Pastwa/Desktop/Valeria/Tabellen Mikroskop Bilder\result_table_260806_VK_K5_11_0014.csv.
2026-08-17 09:54:37,245 - Application - INFO - Exported table to C:/Users/L. Pastwa/Desktop/Valeria/Tabellen Mikroskop Bilder\result_table_260806_VK_K5_11_0015.csv.
2026-08-17 09:54:37,246 - Application - INFO - Exported table to C:/Users/L. Pastwa/Desktop/Valeria/Tabellen Mikroskop Bilder\result_table_260806_VK_K5_11_0016.csv.
2026-08-17 09:54:37,247 - Application - INFO - Exported table to C:/Users/L. Pastwa/Desktop/Valeria/Tabellen Mikroskop Bilder\result_table_260806_VK_K5_11_0017.csv.
2026-08-17 09:54:39,786 - Application - INFO - Succesfully closed SingleImage Analysis Form.
2026-08-17 09:55:34,349 - Application - INFO - Exported table to C:/Users/L. Pastwa/Desktop/Valeria/Tabellen Mikroskop Bilder\result_table_260806_VK_K5_11_0018.csv.
2026-08-17 09:55:34,349 - Application - INFO - Exported table to C:/Users/L. Pastwa/Desktop/Valeria/Tabellen Mikroskop Bilder\result_table_260806_VK_K5_12_0001.csv.
2026-08-17 09:55:34,350 - Application - INFO - Exported table to C:/Users/L. Pastwa/Desktop/Valeria/Tabellen Mikroskop Bilder\result_table_260806_VK_K5_12_0002.csv.
2026-08-17 09:55:34,351 - Application - INFO - Exported table to C:/Users/L. Pastwa/Desktop/Valeria/Tabellen Mikroskop Bilder\result_table_260806_VK_K5_12_0003.csv.
2026-08-17 09:55:34,352 - Application - INFO - Exported table to C:/Users/L. Pastwa/Desktop/Valeria/Tabellen Mikroskop Bilder\result_table_260806_VK_K5_12_0004.csv.
2026-08-17 09:55:34,352 - Application - INFO - Exported table to C:/Users/L. Pastwa/Desktop/Valeria/Tabellen Mikroskop Bilder\result_table_260806_VK_K5_12_0005.csv.
2026-08-17 09:55:34,353 - Application - INFO - Exported table to C:/Users/L. Pastwa/Desktop/Valeria/Tabellen Mikroskop Bilder\result_table_260806_VK_K5_12_0006.csv.
2026-08-17 09:55:34,354 - Application - INFO - Exported table to C:/Users/L. Pastwa/Desktop/Valeria/Tabellen Mikroskop Bilder\result_table_260806_VK_K5_12_0007.csv.
2026-08-17 09:55:34,355 - Application - INFO - Exported table to C:/Users/L. Pastwa/Desktop/Valeria/Tabellen Mikroskop Bilder\result_table_260806_VK_K5_12_0008.csv.
2026-08-17 09:55:34,355 - Application - INFO - Exported table to C:/Users/L. Pastwa/Desktop/Valeria/Tabellen Mikroskop Bilder\result_table_260806_VK_K5_12_0009.csv.
2026-08-17 09:55:34,356 - Application - INFO - Exported table to C:/Users/L. Pastwa/Desktop/Valeria/Tabellen Mikroskop Bilder\result_table_260806_VK_K5_12_0010.csv.
2026-08-17 09:55:34,356 - Application - INFO - Exported table to C:/Users/L. Pastwa/Desktop/Valeria/Tabellen Mikroskop Bilder\result_table_260806_VK_K5_12_0011.csv.
2026-08-17 09:55:34,357 - Application - INFO - Exported table to C:/Users/L. Pastwa/Desktop/Valeria/Tabellen Mikroskop Bilder\result_table_260806_VK_K5_12_0012.csv.
2026-08-17 09:55:34,358 - Application - INFO - Exported table to C:/Users/L. Pastwa/Desktop/Valeria/Tabellen Mikroskop Bilder\result_table_260806_VK_K5_12_0013.csv.
2026-08-17 09:55:34,359 - Application - INFO - Exported table to C:/Users/L. Pastwa/Desktop/Valeria/Tabellen Mikroskop Bilder\result_table_260806_VK_K5_12_0014.csv.
2026-08-17 09:55:34,359 - Application - INFO - Exported table to C:/Users/L. Pastwa/Desktop/Valeria/Tabellen Mikroskop Bilder\result_table_260806_VK_K5_12_0015.csv.
2026-08-17 09:55:34,360 - Application - INFO - Exported table to C:/Users/L. Pastwa/Desktop/Valeria/Tabellen Mikroskop Bilder\result_table_260806_VK_K5_12_0016.csv.
2026-08-17 09:55:34,361 - Application - INFO - Exported table to C:/Users/L. Pastwa/Desktop/Valeria/Tabellen Mikroskop Bilder\result_table_260806_VK_K5_12_0017.csv.
2026-08-17 09:55:34,369 - Application - INFO - Exported table to C:/Users/L. Pastwa/Desktop/Valeria/Tabellen Mikroskop Bilder\result_table_260807_VK_K4_13_0001.csv.
2026-08-17 09:55:34,371 - Application - INFO - Exported table to C:/Users/L. Pastwa/Desktop/Valeria/Tabellen Mikroskop Bilder\result_table_260807_VK_K4_13_0002.csv.
2026-08-17 09:55:34,371 - Application - INFO - Exported table to C:/Users/L. Pastwa/Desktop/Valeria/Tabellen Mikroskop Bilder\result_table_260807_VK_K4_13_0003.csv.
2026-08-17 09:55:34,372 - Application - INFO - Exported table to C:/Users/L. Pastwa/Desktop/Valeria/Tabellen Mikroskop Bilder\result_table_260807_VK_K4_13_0004.csv.
2026-08-17 09:55:34,373 - Application - INFO - Exported table to C:/Users/L. Pastwa/Desktop/Valeria/Tabellen Mikroskop Bilder\result_table_260807_VK_K4_13_0005.csv.
2026-08-17 09:55:34,374 - Application - INFO - Exported table to C:/Users/L. Pastwa/Desktop/Valeria/Tabellen Mikroskop Bilder\result_table_260807_VK_K4_13_0006.csv.
2026-08-17 09:55:34,374 - Application - INFO - Exported table to C:/Users/L. Pastwa/Desktop/Valeria/Tabellen Mikroskop Bilder\result_table_260807_VK_K4_13_0007.csv.
2026-08-17 09:55:34,375 - Application - INFO - Exported table to C:/Users/L. Pastwa/Desktop/Valeria/Tabellen Mikroskop Bilder\result_table_260807_VK_K4_13_0008.csv.
2026-08-17 09:55:34,375 - Application - INFO - Exported table to C:/Users/L. Pastwa/Desktop/Valeria/Tabellen Mikroskop Bilder\result_table_260807_VK_K4_13_0009.csv.
2026-08-17 09:55:34,376 - Application - INFO - Exported table to C:/Users/L. Pastwa/Desktop/Valeria/Tabellen Mikroskop Bilder\result_table_260807_VK_K4_13_0010.csv.
2026-08-17 09:55:34,376 - Application - INFO - Exported table to C:/Users/L. Pastwa/Desktop/Valeria/Tabellen Mikroskop Bilder\result_table_260807_VK_K4_13_0011.csv.
2026-08-17 09:55:34,378 - Application - INFO - Exported table to C:/Users/L. Pastwa/Desktop/Valeria/Tabellen Mikroskop Bilder\result_table_260807_VK_K4_13_0012.csv.
2026-08-17 09:55:34,379 - Application - INFO - Exported table to C:/Users/L. Pastwa/Desktop/Valeria/Tabellen Mikroskop Bilder\result_table_260807_VK_K4_13_0013.csv.
2026-08-17 09:55:34,379 - Application - INFO - Exported table to C:/Users/L. Pastwa/Desktop/Valeria/Tabellen Mikroskop Bilder\result_table_260807_VK_K4_13_0014.csv.
2026-08-17 09:55:34,380 - Application - INFO - Exported table to C:/Users/L. Pastwa/Desktop/Valeria/Tabellen Mikroskop Bilder\result_table_260807_VK_K4_13_0015.csv.
2026-08-17 09:55:34,381 - Application - INFO - Exported table to C:/Users/L. Pastwa/Desktop/Valeria/Tabellen Mikroskop Bilder\result_table_260807_VK_K4_13_0016.csv.
2026-08-17 09:55:34,382 - Application - INFO - Exported table to C:/Users/L. Pastwa/Desktop/Valeria/Tabellen Mikroskop Bilder\result_table_260807_VK_K4_13_0017.csv.
2026-08-17 09:55:34,382 - Application - INFO - Exported table to C:/Users/L. Pastwa/Desktop/Valeria/Tabellen Mikroskop Bilder\result_table_260807_VK_K4_13_0018.csv.
2026-08-17 09:55:34,384 - Application - INFO - Exported table to C:/Users/L. Pastwa/Desktop/Valeria/Tabellen Mikroskop Bilder\result_table_260807_VK_K5_13_0001.csv.
2026-08-17 09:55:34,385 - Application - INFO - Exported table to C:/Users/L. Pastwa/Desktop/Valeria/Tabellen Mikroskop Bilder\result_table_260807_VK_K5_13_0002.csv.
2026-08-17 09:55:34,385 - Application - INFO - Exported table to C:/Users/L. Pastwa/Desktop/Valeria/Tabellen Mikroskop Bilder\result_table_260807_VK_K5_13_0003.csv.
2026-08-17 09:55:34,386 - Application - INFO - Exported table to C:/Users/L. Pastwa/Desktop/Valeria/Tabellen Mikroskop Bilder\result_table_260807_VK_K5_13_0004.csv.
2026-08-17 09:55:34,387 - Application - INFO - Exported table to C:/Users/L. Pastwa/Desktop/Valeria/Tabellen Mikroskop Bilder\result_table_260807_VK_K5_13_0005.csv.
2026-08-17 09:55:34,388 - Application - INFO - Exported table to C:/Users/L. Pastwa/Desktop/Valeria/Tabellen Mikroskop Bilder\result_table_260807_VK_K5_13_0006.csv.
2026-08-17 09:55:34,389 - Application - INFO - Exported table to C:/Users/L. Pastwa/Desktop/Valeria/Tabellen Mikroskop Bilder\result_table_260807_VK_K5_13_0007.csv.
2026-08-17 09:55:34,389 - Application - INFO - Exported table to C:/Users/L. Pastwa/Desktop/Valeria/Tabellen Mikroskop Bilder\result_table_260807_VK_K5_13_0008.csv.
2026-08-17 09:55:34,390 - Application - INFO - Exported table to C:/Users/L. Pastwa/Desktop/Valeria/Tabellen Mikroskop Bilder\result_table_260807_VK_K5_13_0009.csv.
2026-08-17 09:55:34,391 - Application - INFO - Exported table to C:/Users/L. Pastwa/Desktop/Valeria/Tabellen Mikroskop Bilder\result_table_260807_VK_K5_13_0010.csv.
2026-08-17 09:55:34,392 - Application - INFO - Exported table to C:/Users/L. Pastwa/Desktop/Valeria/Tabellen Mikroskop Bilder\result_table_260807_VK_K5_13_0011.csv.
2026-08-17 09:55:34,393 - Application - INFO - Exported table to C:/Users/L. Pastwa/Desktop/Valeria/Tabellen Mikroskop Bilder\result_table_260807_VK_K5_13_0012.csv.
2026-08-17 09:55:34,394 - Application - INFO - Exported table to C:/Users/L. Pastwa/Desktop/Valeria/Tabellen Mikroskop Bilder\result_table_260807_VK_K5_13_0013.csv.
2026-08-17 09:55:34,394 - Application - INFO - Exported table to C:/Users/L. Pastwa/Desktop/Valeria/Tabellen Mikroskop Bilder\result_table_260807_VK_K5_13_0014.csv.
2026-08-17 09:55:34,395 - Application - INFO - Exported table to C:/Users/L. Pastwa/Desktop/Valeria/Tabellen Mikroskop Bilder\result_table_260807_VK_K5_13_0015.csv.
2026-08-17 09:55:34,396 - Application - INFO - Exported table to C:/Users/L. Pastwa/Desktop/Valeria/Tabellen Mikroskop Bilder\result_table_260807_VK_K5_13_0016.csv.
2026-08-17 09:55:34,397 - Application - INFO - Exported table to C:/Users/L. Pastwa/Desktop/Valeria/Tabellen Mikroskop Bilder\result_table_260807_VK_K5_13_0017.csv.
2026-08-17 09:55:34,398 - Application - INFO - Exported table to C:/Users/L. Pastwa/Desktop/Valeria/Tabellen Mikroskop Bilder\result_table_260807_VK_K5_13_0018.csv.
2026-08-17 09:55:37,208 - Application - INFO - Succesfully closed SingleImage Analysis Form.
2026-09-24 16:15:42,407 - Application - INFO - Succesfully closed SingleImage Analysis Form.
