2026-05-20 14:36:48,788 - EventManager - INFO - Added event EventKeys.APPLICATION_SHUTDOWN with listener <bound method ApplicationCoordinator.shutdown of <__main__.ApplicationCoordinator object at 0x0000021E52AF56A0>>.
2026-05-20 14:36:49,124 - EventManager - INFO - Added event EventKeys.STATUS_BAR_UPDATE with listener <bound method MainWindow.update_status_bar of <view.main.mainframe.MainWindow(0x21e33251f40) at 0x0000021E52D9F140>>.
2026-05-20 14:36:52,502 - EventManager - INFO - Added event EventKeys.SI_FORM_BACK_BUTTON with listener <bound method SingleImageAnylsisForm._back_button_action of <view.single_image_analysis.single_image_analysis_form.SingleImageAnylsisForm(0x21e4f9cdcc0) at 0x0000021E5B0FB600>>.
2026-05-20 14:40:16,804 - EventManager - INFO - Added event EventKeys.APPLICATION_SHUTDOWN with listener <bound method ApplicationCoordinator.shutdown of <__main__.ApplicationCoordinator object at 0x00000201A36C5400>>.
2026-05-20 14:40:16,864 - EventManager - INFO - Added event EventKeys.STATUS_BAR_UPDATE with listener <bound method MainWindow.update_status_bar of <view.main.mainframe.MainWindow(0x201a010f140) at 0x00000201A389A240>>.
2026-05-20 14:40:19,934 - EventManager - INFO - Added event EventKeys.SI_FORM_BACK_BUTTON with listener <bound method SingleImageAnylsisForm._back_button_action of <view.single_image_analysis.single_image_analysis_form.SingleImageAnylsisForm(0x201a50db840) at 0x00000201ABD051C0>>.
2026-05-20 14:41:48,482 - EventManager - INFO - Triggered event EventKeys.APPLICATION_SHUTDOWN with listener(s) [(<bound method ApplicationCoordinator.shutdown of <__main__.ApplicationCoordinator object at 0x00000201A36C5400>>, 0, False)].
2026-05-20 14:43:45,205 - EventManager - INFO - Added event EventKeys.APPLICATION_SHUTDOWN with listener <bound method ApplicationCoordinator.shutdown of <__main__.ApplicationCoordinator object at 0x000001CE863A5400>>.
2026-05-20 14:43:45,264 - EventManager - INFO - Added event EventKeys.STATUS_BAR_UPDATE with listener <bound method MainWindow.update_status_bar of <view.main.mainframe.MainWindow(0x1cee8ae4d50) at 0x000001CE865CA300>>.
2026-05-20 14:43:49,277 - EventManager - INFO - Added event EventKeys.SI_FORM_BACK_BUTTON with listener <bound method SingleImageAnylsisForm._back_button_action of <view.single_image_analysis.single_image_analysis_form.SingleImageAnylsisForm(0x1ce87dbb340) at 0x000001CE8E9F50C0>>.
2026-05-20 14:44:59,530 - EventManager - INFO - Added event EventKeys.APPLICATION_SHUTDOWN with listener <bound method ApplicationCoordinator.shutdown of <__main__.ApplicationCoordinator object at 0x000001BCEC3D5400>>.
2026-05-20 14:44:59,594 - EventManager - INFO - Added event EventKeys.STATUS_BAR_UPDATE with listener <bound method MainWindow.update_status_bar of <view.main.mainframe.MainWindow(0x1bcdeae3b60) at 0x000001BCEC5FA240>>.
2026-05-20 14:45:02,057 - EventManager - INFO - Added event EventKeys.SI_FORM_BACK_BUTTON with listener <bound method SingleImageAnylsisForm._back_button_action of <view.single_image_analysis.single_image_analysis_form.SingleImageAnylsisForm(0x1bcecd8c9f0) at 0x000001BCF4A250C0>>.
2026-05-20 14:47:30,234 - EventManager - INFO - Triggered event EventKeys.APPLICATION_SHUTDOWN with listener(s) [(<bound method ApplicationCoordinator.shutdown of <__main__.ApplicationCoordinator object at 0x000001BCEC3D5400>>, 0, False)].
2026-05-20 14:47:47,180 - EventManager - INFO - Added event EventKeys.APPLICATION_SHUTDOWN with listener <bound method ApplicationCoordinator.shutdown of <__main__.ApplicationCoordinator object at 0x0000020641235400>>.
2026-05-20 14:47:47,246 - EventManager - INFO - Added event EventKeys.STATUS_BAR_UPDATE with listener <bound method MainWindow.update_status_bar of <view.main.mainframe.MainWindow(0x20633981d10) at 0x00000206414DA300>>.
2026-05-20 14:47:49,536 - EventManager - INFO - Added event EventKeys.SI_FORM_BACK_BUTTON with listener <bound method SingleImageAnylsisForm._back_button_action of <view.single_image_analysis.single_image_analysis_form.SingleImageAnylsisForm(0x206340deeb0) at 0x00000206498852C0>>.
2026-05-20 14:49:43,295 - EventManager - INFO - Triggered event EventKeys.APPLICATION_SHUTDOWN with listener(s) [(<bound method ApplicationCoordinator.shutdown of <__main__.ApplicationCoordinator object at 0x0000020641235400>>, 0, False)].
2026-05-21 13:32:21,937 - EventManager - INFO - Added event EventKeys.APPLICATION_SHUTDOWN with listener <bound method ApplicationCoordinator.shutdown of <__main__.ApplicationCoordinator object at 0x00000249A14A5400>>.
2026-05-21 13:32:22,207 - EventManager - INFO - Added event EventKeys.STATUS_BAR_UPDATE with listener <bound method MainWindow.update_status_bar of <view.main.mainframe.MainWindow(0x24981bdf300) at 0x00000249A176A100>>.
2026-05-21 13:32:25,713 - EventManager - INFO - Added event EventKeys.SI_FORM_BACK_BUTTON with listener <bound method SingleImageAnylsisForm._back_button_action of <view.single_image_analysis.single_image_analysis_form.SingleImageAnylsisForm(0x249a1e31bf0) at 0x00000249A9AF5080>>.
2026-05-21 13:33:39,518 - EventManager - INFO - Triggered event EventKeys.APPLICATION_SHUTDOWN with listener(s) [(<bound method ApplicationCoordinator.shutdown of <__main__.ApplicationCoordinator object at 0x00000249A14A5400>>, 0, False)].
2026-05-21 13:33:42,738 - EventManager - INFO - Added event EventKeys.APPLICATION_SHUTDOWN with listener <bound method ApplicationCoordinator.shutdown of <__main__.ApplicationCoordinator object at 0x000001A786795400>>.
2026-05-21 13:33:42,798 - EventManager - INFO - Added event EventKeys.STATUS_BAR_UPDATE with listener <bound method MainWindow.update_status_bar of <view.main.mainframe.MainWindow(0x1a7e6f03180) at 0x000001A78696A100>>.
2026-05-21 13:34:01,277 - EventManager - INFO - Added event EventKeys.SI_FORM_BACK_BUTTON with listener <bound method SingleImageAnylsisForm._back_button_action of <view.single_image_analysis.single_image_analysis_form.SingleImageAnylsisForm(0x1a787170870) at 0x000001A78EDD5040>>.
2026-05-21 13:35:11,131 - EventManager - INFO - Triggered event EventKeys.APPLICATION_SHUTDOWN with listener(s) [(<bound method ApplicationCoordinator.shutdown of <__main__.ApplicationCoordinator object at 0x000001A786795400>>, 0, False)].
2026-05-21 13:35:32,587 - EventManager - INFO - Added event EventKeys.APPLICATION_SHUTDOWN with listener <bound method ApplicationCoordinator.shutdown of <__main__.ApplicationCoordinator object at 0x000001DE2BF25400>>.
2026-05-21 13:35:32,647 - EventManager - INFO - Added event EventKeys.STATUS_BAR_UPDATE with listener <bound method MainWindow.update_status_bar of <view.main.mainframe.MainWindow(0x1de22a1cc30) at 0x000001DE2C0EA080>>.
2026-05-21 13:35:34,824 - EventManager - INFO - Added event EventKeys.SI_FORM_BACK_BUTTON with listener <bound method SingleImageAnylsisForm._back_button_action of <view.single_image_analysis.single_image_analysis_form.SingleImageAnylsisForm(0x1de2c879bc0) at 0x000001DE34565000>>.
2026-05-21 13:36:47,870 - EventManager - INFO - Triggered event EventKeys.APPLICATION_SHUTDOWN with listener(s) [(<bound method ApplicationCoordinator.shutdown of <__main__.ApplicationCoordinator object at 0x000001DE2BF25400>>, 0, False)].
2026-05-21 13:37:21,873 - EventManager - INFO - Added event EventKeys.APPLICATION_SHUTDOWN with listener <bound method ApplicationCoordinator.shutdown of <__main__.ApplicationCoordinator object at 0x0000020E4EA75400>>.
2026-05-21 13:37:21,920 - EventManager - INFO - Added event EventKeys.STATUS_BAR_UPDATE with listener <bound method MainWindow.update_status_bar of <view.main.mainframe.MainWindow(0x20e4b83bdb0) at 0x0000020E4EC4A280>>.
2026-05-21 13:37:24,512 - EventManager - INFO - Added event EventKeys.SI_FORM_BACK_BUTTON with listener <bound method SingleImageAnylsisForm._back_button_action of <view.single_image_analysis.single_image_analysis_form.SingleImageAnylsisForm(0x20e4bb6e350) at 0x0000020E570C5280>>.
2026-05-21 13:39:33,267 - EventManager - INFO - Triggered event EventKeys.APPLICATION_SHUTDOWN with listener(s) [(<bound method ApplicationCoordinator.shutdown of <__main__.ApplicationCoordinator object at 0x0000020E4EA75400>>, 0, False)].
2026-05-21 14:22:56,020 - EventManager - INFO - Added event EventKeys.APPLICATION_SHUTDOWN with listener <bound method ApplicationCoordinator.shutdown of <__main__.ApplicationCoordinator object at 0x0000023410C91400>>.
2026-05-21 14:22:56,064 - EventManager - INFO - Added event EventKeys.STATUS_BAR_UPDATE with listener <bound method MainWindow.update_status_bar of <view.main.mainframe.MainWindow(0x2347f63e4f0) at 0x0000023410F2A380>>.
2026-05-21 14:22:58,023 - EventManager - INFO - Added event EventKeys.SI_FORM_BACK_BUTTON with listener <bound method SingleImageAnylsisForm._back_button_action of <view.single_image_analysis.single_image_analysis_form.SingleImageAnylsisForm(0x234126a37b0) at 0x00000234192D5100>>.
2026-05-21 14:25:56,577 - EventManager - INFO - Triggered event EventKeys.APPLICATION_SHUTDOWN with listener(s) [(<bound method ApplicationCoordinator.shutdown of <__main__.ApplicationCoordinator object at 0x0000023410C91400>>, 0, False)].
2026-05-21 14:27:07,431 - EventManager - INFO - Added event EventKeys.APPLICATION_SHUTDOWN with listener <bound method ApplicationCoordinator.shutdown of <__main__.ApplicationCoordinator object at 0x000002007F8C5400>>.
2026-05-21 14:27:07,501 - EventManager - INFO - Added event EventKeys.STATUS_BAR_UPDATE with listener <bound method MainWindow.update_status_bar of <view.main.mainframe.MainWindow(0x2006ba001e0) at 0x000002007FB4A200>>.
2026-05-21 14:27:11,262 - EventManager - INFO - Added event EventKeys.SI_FORM_BACK_BUTTON with listener <bound method SingleImageAnylsisForm._back_button_action of <view.single_image_analysis.single_image_analysis_form.SingleImageAnylsisForm(0x2000c3c2040) at 0x00000200140A5100>>.
2026-05-21 14:28:19,933 - EventManager - INFO - Triggered event EventKeys.APPLICATION_SHUTDOWN with listener(s) [(<bound method ApplicationCoordinator.shutdown of <__main__.ApplicationCoordinator object at 0x000002007F8C5400>>, 0, False)].
2026-06-22 13:38:26,583 - EventManager - INFO - Added event EventKeys.APPLICATION_SHUTDOWN with listener <bound method ApplicationCoordinator.shutdown of <__main__.ApplicationCoordinator object at 0x00000273CF085A10>>.
2026-06-22 13:38:26,595 - EventManager - INFO - Added event EventKeys.STATUS_BAR_UPDATE with listener <bound method MainWindow.update_status_bar of <view.main.mainframe.MainWindow(0x273817a8390) at 0x0000027382729F40>>.
2026-06-22 13:39:26,939 - EventManager - INFO - Triggered event EventKeys.APPLICATION_SHUTDOWN with listener(s) [(<bound method ApplicationCoordinator.shutdown of <__main__.ApplicationCoordinator object at 0x00000273CF085A10>>, 0, False)].
2026-06-22 13:40:30,662 - EventManager - INFO - Added event EventKeys.APPLICATION_SHUTDOWN with listener <bound method ApplicationCoordinator.shutdown of <__main__.ApplicationCoordinator object at 0x00000251DCC85AD0>>.
2026-06-22 13:40:30,674 - EventManager - INFO - Added event EventKeys.STATUS_BAR_UPDATE with listener <bound method MainWindow.update_status_bar of <view.main.mainframe.MainWindow(0x251dd170c50) at 0x00000251DE0F0580>>.
2026-06-22 13:40:32,233 - EventManager - INFO - Added event EventKeys.SI_FORM_BACK_BUTTON with listener <bound method SingleImageAnylsisForm._back_button_action of <view.single_image_analysis.single_image_analysis_form.SingleImageAnylsisForm(0x251dd39f770) at 0x00000251DE0F15C0>>.
2026-06-22 13:41:29,431 - EventManager - INFO - Triggered event EventKeys.APPLICATION_SHUTDOWN with listener(s) [(<bound method ApplicationCoordinator.shutdown of <__main__.ApplicationCoordinator object at 0x00000251DCC85AD0>>, 0, False)].
2026-06-30 14:01:25,852 - EventManager - INFO - Added event EventKeys.APPLICATION_SHUTDOWN with listener <bound method ApplicationCoordinator.shutdown of <__main__.ApplicationCoordinator object at 0x00000243C6FD5B90>>.
2026-06-30 14:01:25,864 - EventManager - INFO - Added event EventKeys.STATUS_BAR_UPDATE with listener <bound method MainWindow.update_status_bar of <view.main.mainframe.MainWindow(0x243c7536b00) at 0x00000243C84A5F00>>.
2026-06-30 14:01:27,518 - EventManager - INFO - Added event EventKeys.SI_FORM_BACK_BUTTON with listener <bound method SingleImageAnylsisForm._back_button_action of <view.single_image_analysis.single_image_analysis_form.SingleImageAnylsisForm(0x243c776f0d0) at 0x00000243C84A6FC0>>.
2026-06-30 14:01:43,808 - EventManager - INFO - Triggered event EventKeys.APPLICATION_SHUTDOWN with listener(s) [(<bound method ApplicationCoordinator.shutdown of <__main__.ApplicationCoordinator object at 0x00000243C6FD5B90>>, 0, False)].
2026-07-28 15:23:13,276 - EventManager - INFO - Added event EventKeys.APPLICATION_SHUTDOWN with listener <bound method ApplicationCoordinator.shutdown of <__main__.ApplicationCoordinator object at 0x00000257D8A05C50>>.
2026-07-28 15:23:13,292 - EventManager - INFO - Added event EventKeys.STATUS_BAR_UPDATE with listener <bound method MainWindow.update_status_bar of <view.main.mainframe.MainWindow(0x257d8e054c0) at 0x00000257D9E405C0>>.
2026-07-28 15:24:56,756 - EventManager - INFO - Added event EventKeys.SI_FORM_BACK_BUTTON with listener <bound method SingleImageAnylsisForm._back_button_action of <view.single_image_analysis.single_image_analysis_form.SingleImageAnylsisForm(0x257d93a31f0) at 0x00000257D9E54400>>.
2026-08-17 09:51:30,752 - EventManager - INFO - Added event EventKeys.APPLICATION_SHUTDOWN with listener <bound method ApplicationCoordinator.shutdown of <__main__.ApplicationCoordinator object at 0x000001392F765C90>>.
2026-08-17 09:51:30,769 - EventManager - INFO - Added event EventKeys.STATUS_BAR_UPDATE with listener <bound method MainWindow.update_status_bar of <view.main.mainframe.MainWindow(0x1392fcf50f0) at 0x0000013930C55F80>>.
2026-08-17 09:51:37,226 - EventManager - INFO - Added event EventKeys.SI_FORM_BACK_BUTTON with listener <bound method SingleImageAnylsisForm._back_button_action of <view.single_image_analysis.single_image_analysis_form.SingleImageAnylsisForm(0x1392ff72610) at 0x0000013930C56F80>>.
2026-08-17 09:53:27,450 - EventManager - INFO - Added event EventKeys.SI_FORM_BACK_BUTTON with listener <bound method SingleImageAnylsisForm._back_button_action of <view.single_image_analysis.single_image_analysis_form.SingleImageAnylsisForm(0x1394092a940) at 0x0000013936D1FD40>>.
2026-08-17 09:54:41,903 - EventManager - INFO - Added event EventKeys.SI_FORM_BACK_BUTTON with listener <bound method SingleImageAnylsisForm._back_button_action of <view.single_image_analysis.single_image_analysis_form.SingleImageAnylsisForm(0x1393fdb1670) at 0x000001393789EBC0>>.
2026-08-17 09:55:39,840 - EventManager - INFO - Triggered event EventKeys.APPLICATION_SHUTDOWN with listener(s) [(<bound method ApplicationCoordinator.shutdown of <__main__.ApplicationCoordinator object at 0x000001392F765C90>>, 0, False)].
2026-09-24 16:15:08,625 - EventManager - INFO - Added event EventKeys.APPLICATION_SHUTDOWN with listener <bound method ApplicationCoordinator.shutdown of <__main__.ApplicationCoordinator object at 0x0000013AE8285B10>>.
2026-09-24 16:15:08,639 - EventManager - INFO - Added event EventKeys.STATUS_BAR_UPDATE with listener <bound method MainWindow.update_status_bar of <view.main.mainframe.MainWindow(0x13ae88267e0) at 0x0000013AE9740580>>.
2026-09-24 16:15:17,923 - EventManager - INFO - Added event EventKeys.SI_FORM_BACK_BUTTON with listener <bound method SingleImageAnylsisForm._back_button_action of <view.single_image_analysis.single_image_analysis_form.SingleImageAnylsisForm(0x13ae89f3f80) at 0x0000013AE9741500>>.
2026-09-24 16:15:42,408 - EventManager - INFO - Triggered event EventKeys.APPLICATION_SHUTDOWN with listener(s) [(<bound method ApplicationCoordinator.shutdown of <__main__.ApplicationCoordinator object at 0x0000013AE8285B10>>, 0, False)].
